Archive member included       because of file (symbol)

/usr/local/openravenscar/lib/gcc-lib/sparc-ork-elf/2.8.1/adalib/libgnarl.a(a-reatim.o)
                              ./devicesfss_v1.o (ada__real_time__clock)
/usr/local/openravenscar/lib/gcc-lib/sparc-ork-elf/2.8.1/adalib/libgnarl.a(a-retide.o)
                              ./fss.o (ada__real_time__delays__delay_until)
/usr/local/openravenscar/lib/gcc-lib/sparc-ork-elf/2.8.1/adalib/libgnarl.a(s-taprob.o)
                              ./devicesfss_v1.o (system__tasking__protected_objects__initialize_protection)
/usr/local/openravenscar/lib/gcc-lib/sparc-ork-elf/2.8.1/adalib/libgnarl.a(s-taprop.o)
                              /usr/local/openravenscar/lib/gcc-lib/sparc-ork-elf/2.8.1/adalib/libgnarl.a(a-retide.o) (system__task_primitives__operations__self)
/usr/local/openravenscar/lib/gcc-lib/sparc-ork-elf/2.8.1/adalib/libgnarl.a(s-tarest.o)
                              ./fss.o (system__tasking__restricted__stages__create_restricted_task)
/usr/local/openravenscar/lib/gcc-lib/sparc-ork-elf/2.8.1/adalib/libgnarl.a(s-tasdeb.o)
                              b~main.o (system__tasking__debug___elabs)
/usr/local/openravenscar/lib/gcc-lib/sparc-ork-elf/2.8.1/adalib/libgnarl.a(s-taskin.o)
                              /usr/local/openravenscar/lib/gcc-lib/sparc-ork-elf/2.8.1/adalib/libgnarl.a(s-tasdeb.o) (system__tasking__task_statesT)
/usr/local/openravenscar/lib/gcc-lib/sparc-ork-elf/2.8.1/adalib/libgnarl.a(s-taspri.o)
                              /usr/local/openravenscar/lib/gcc-lib/sparc-ork-elf/2.8.1/adalib/libgnarl.a(s-taskin.o) (system__task_primitives___init_proc)
/usr/local/openravenscar/lib/gcc-lib/sparc-ork-elf/2.8.1/adalib/libgnarl.a(kernel-interrupts.o)
                              b~main.o (kernel__interrupts___elabb)
/usr/local/openravenscar/lib/gcc-lib/sparc-ork-elf/2.8.1/adalib/libgnarl.a(kernel-threads.o)
                              b~main.o (kernel__threads___elabs)
/usr/local/openravenscar/lib/gcc-lib/sparc-ork-elf/2.8.1/adalib/libgnarl.a(kernel-threads-atcb.o)
                              /usr/local/openravenscar/lib/gcc-lib/sparc-ork-elf/2.8.1/adalib/libgnarl.a(s-taprop.o) (kernel__threads__atcb__set_atcb)
/usr/local/openravenscar/lib/gcc-lib/sparc-ork-elf/2.8.1/adalib/libgnarl.a(kernel-threads-queues.o)
                              /usr/local/openravenscar/lib/gcc-lib/sparc-ork-elf/2.8.1/adalib/libgnarl.a(s-taprop.o) (running_thread)
/usr/local/openravenscar/lib/gcc-lib/sparc-ork-elf/2.8.1/adalib/libgnarl.a(kernel-threads-protection.o)
                              /usr/local/openravenscar/lib/gcc-lib/sparc-ork-elf/2.8.1/adalib/libgnarl.a(kernel-threads.o) (kernel__threads__protection__dispatch)
/usr/local/openravenscar/lib/gcc-lib/sparc-ork-elf/2.8.1/adalib/libgnarl.a(kernel-time.o)
                              /usr/local/openravenscar/lib/gcc-lib/sparc-ork-elf/2.8.1/adalib/libgnarl.a(s-taprop.o) (kernel_clock)
/usr/local/openravenscar/lib/gcc-lib/sparc-ork-elf/2.8.1/adalib/libgnarl.a(kernel-memory.o)
                              /usr/local/openravenscar/sparc-ork-elf/lib/ada_crt0.o (environment_stack)
/usr/local/openravenscar/lib/gcc-lib/sparc-ork-elf/2.8.1/adalib/libgnarl.a(kernel-cpu_primitives.o)
                              /usr/local/openravenscar/lib/gcc-lib/sparc-ork-elf/2.8.1/adalib/libgnarl.a(kernel-threads-protection.o) (kernel__cpu_primitives__context_switch)
/usr/local/openravenscar/lib/gcc-lib/sparc-ork-elf/2.8.1/adalib/libgnarl.a(kernel-peripherals-registers.o)
                              b~main.o (kernel__peripherals__registers___elabs)
/usr/local/openravenscar/lib/gcc-lib/sparc-ork-elf/2.8.1/adalib/libgnarl.a(kernel-peripherals.o)
                              /usr/local/openravenscar/lib/gcc-lib/sparc-ork-elf/2.8.1/adalib/libgnarl.a(kernel-interrupts.o) (kernel__peripherals__to_vector)
/usr/local/openravenscar/lib/gcc-lib/sparc-ork-elf/2.8.1/adalib/libgnarl.a(kernel-serial_output.o)
                              ./devicesfss_v1.o (kernel__serial_output__put__2)
/usr/local/openravenscar/lib/gcc-lib/sparc-ork-elf/2.8.1/adalib/libgnarl.a(context.o)
                              /usr/local/openravenscar/sparc-ork-elf/lib/ada_crt0.o (context_trap)
/usr/local/openravenscar/lib/gcc-lib/sparc-ork-elf/2.8.1/adalib/libgnarl.a(install_handler.o)
                              /usr/local/openravenscar/sparc-ork-elf/lib/ada_crt0.o (FP_Save_Pending)
/usr/local/openravenscar/lib/gcc-lib/sparc-ork-elf/2.8.1/adalib/libgnarl.a(int_level.o)
                              /usr/local/openravenscar/lib/gcc-lib/sparc-ork-elf/2.8.1/adalib/libgnarl.a(kernel-threads-protection.o) (disable_interrupts)
/usr/local/openravenscar/lib/gcc-lib/sparc-ork-elf/2.8.1/adalib/libgnat.a(a-except.o)
                              b~main.o (ada__exceptions___elabs)
/usr/local/openravenscar/lib/gcc-lib/sparc-ork-elf/2.8.1/adalib/libgnat.a(a-filico.o)
                              b~main.o (ada__finalization__list_controller___elabs)
[...]
Memory Configuration

Name             Origin             Length             Attributes
rom              0x00000000         0x00200000         xr
ram              0x02000000         0x003f8000         xrw
*default*        0x00000000         0xffffffff

Linker script and memory map

                0x00200000                PROM_SIZE=0x200000
                0x00400000                RAM_SIZE=0x400000
                0x00000000                PROM_START=0x0
                0x00200000                PROM_END=(PROM_START+PROM_SIZE)
                0x02000000                RAM_START=0x2000000
                0x02400000                RAM_END=(RAM_START+RAM_SIZE)

.text           0x02000000    0x33720
 CREATE_OBJECT_SYMBOLS
                0x02000000                text_start=.
 *(.text)
 .text          0x02000000     0x1384 /usr/local/openravenscar/sparc-ork-elf/lib/ada_crt0.o
                0x020011bc                __exit
                0x02000000                trap_table
                0x02000000                start
                0x020011bc                _exit
 .text          0x02001384      0x24c b~main.o
                0x020015b8                ada_main___elabb
                0x02001384                adainit
                0x02001538                main
                0x0200151c                adafinal
 .text          0x020015d0       0x1c ./main.o
                0x020015d0                _ada_main
 .text          0x020015ec      0x118 ./scenario_v1.o
                0x020015ec                scenario_v1___elabs
 .text          0x02001704     0x4aa8 ./devicesfss_v1.o
                0x020033c8                devicesfss_v1___init_proc__6
                0x020047ac                devicesfss_v1___init_proc__9
                0x02001d38                devicesfss_v1__read_light_intensity
                0x020055ec                devicesfss_v1__display_altitude
                0x0200341c                devicesfss_v1__read_pilotbutton
                0x02005d84                devicesfss_v1__display_cronometro
                0x02002854                devicesfss_v1___init_proc__4
                0x020059c0                devicesfss_v1__display_joystick
                0x020051dc                devicesfss_v1__light_1
                0x0200404c                devicesfss_v1__read_altitude
                0x02005704                devicesfss_v1__display_distance
                0x020047ec                devicesfss_v1__read_pitch
                0x020022ac                devicesfss_v1___init_proc__3
                0x02004004                devicesfss_v1___init_proc__8
                0x02005c74                devicesfss_v1__display_message
                0x02001764                devicesfss_v1__read_distance
                0x020058a8                devicesfss_v1__display_light_intensity
                0x02005934                devicesfss_v1__display_pilot_power
                0x020028b4                devicesfss_v1__read_power
                0x020039a8                devicesfss_v1__read_speed
                0x0200581c                devicesfss_v1__display_roll
                0x02005b8c                devicesfss_v1__display_pilot_button
                0x02004de4                devicesfss_v1__read_roll
                0x020060f4                devicesfss_v1___elabb
                0x02003968                devicesfss_v1___init_proc__7
                0x02001cd8                devicesfss_v1___init_proc__2
                0x0200528c                devicesfss_v1__light_2
                0x02002e7c                devicesfss_v1__read_pilotpresence
                0x02004814                devicesfss_v1__set_aircraft_pitch
                0x02005678                devicesfss_v1__display_speed
                0x02004e0c                devicesfss_v1__set_aircraft_roll
                0x0200230c                devicesfss_v1__read_joystick
                0x0200536c                devicesfss_v1__alarm
                0x02005aa4                devicesfss_v1__display_pilot_presence
                0x020039d0                devicesfss_v1__set_speed
                0x02005790                devicesfss_v1__display_pitch
                0x02002e28                devicesfss_v1___init_proc__5
                0x02004da4                devicesfss_v1___init_proc__10
                0x02001704                devicesfss_v1___init_proc
 .text          0x020061ac      0x9a8 ./workload.o
                0x020061ac                workload___elabs
                0x020065ac                workload__small_whetstone
                0x02006b3c                workload___elabb
 .text          0x02006b54      0xd08 ./tools.o
                0x0200782c                tools___elabb
                0x020077b8                tools__execution_time
                0x02007710                tools__finish_activity
                0x020075c0                tools__print_a_string
                0x02006e40                tools__print_chrono
                0x02007668                tools__start_activity
                0x02006b54                tools___elabs
                0x02007268                tools__print_an_integer
                0x02007420                tools__print_a_float
                0x02006ba0                tools__current_time
 .text          0x0200785c     0x3c9c ./fss.o
                0x02007898                fss___init_proc
                0x02009794                fss___init_proc__5
                0x0200785c                fss__background
                0x0200969c                fss___init_proc__3
                0x0200b1ec                fss___elabb
                0x02009620                fss___init_proc__2
                0x02009718                fss___init_proc__4
 .text          0x0200b4f8      0x5e4 /usr/local/openravenscar/lib/gcc-lib/sparc-ork-elf/2.8.1/adalib/libgnarl.a(a-reatim.o)
                0x0200b524                ada__real_time__Oadd__2
                0x0200b6f8                ada__real_time__split
                0x0200b514                ada__real_time__Oadd
                0x0200b574                ada__real_time__Osubtract__4
                0x0200b678                ada__real_time__nanoseconds
                0x0200b5e4                ada__real_time__Odivide__2
                0x0200b5a0                ada__real_time__Odivide
                0x0200b554                ada__real_time__Osubtract__2
                0x0200b668                ada__real_time__to_duration
                0x0200ba10                ada__real_time__time_of
                0x0200b534                ada__real_time__Oadd__3
                0x0200b6c8                ada__real_time__milliseconds
                0x0200b4f8                ada__real_time__clock
                0x0200b69c                ada__real_time__microseconds
                0x0200b544                ada__real_time__Osubtract
                0x0200b564                ada__real_time__Osubtract__3
                0x0200b670                ada__real_time__to_time_span
                0x0200b63c                ada__real_time__Omultiply__2
                0x0200b610                ada__real_time__Omultiply
 .text          0x0200badc       0x68 /usr/local/openravenscar/lib/gcc-lib/sparc-ork-elf/2.8.1/adalib/libgnarl.a(a-retide.o)
                0x0200bb20                ada__real_time__delays__to_duration
                0x0200badc                ada__real_time__delays__delay_until
 .text          0x0200bb44      0x10c /usr/local/openravenscar/lib/gcc-lib/sparc-ork-elf/2.8.1/adalib/libgnarl.a(s-taprob.o)
                0x0200bc30                system__tasking__protected_objects___init_proc
                0x0200bc00                system__tasking__protected_objects__unlock
                0x0200bb70                system__tasking__protected_objects__lock
                0x0200bc3c                system__tasking__protected_objects___init_proc__2
                0x0200bb44                system__tasking__protected_objects__initialize_protection
                0x0200bbb8                system__tasking__protected_objects__lock_read_only
                0x0200bc18                system__tasking__protected_objects__finalize_protection
 .text          0x0200bc50      0x978 /usr/local/openravenscar/lib/gcc-lib/sparc-ork-elf/2.8.1/adalib/libgnarl.a(s-taprop.o)
                0x0200bed0                system__task_primitives__operations__get_priority
                0x0200bd48                system__task_primitives__operations__unlock__2
                0x0200c0a8                system__task_primitives__operations__check_no_locks
                0x0200bccc                system__task_primitives__operations__write_lock
                0x0200c108                system__task_primitives__operations__resume_task
                0x0200c188                system__task_primitives__operations___elabb
                0x0200be14                system__task_primitives__operations__clock
                0x0200bce8                system__task_primitives__operations__write_lock__2
                0x0200bc88                system__task_primitives__operations__get_thread_id
                0x0200bd9c                system__task_primitives__operations__timed_delay
                0x0200beb0                system__task_primitives__operations__set_priority
                0x0200bd78                system__task_primitives__operations__timed_sleep
                0x0200bc6c                system__task_primitives__operations__self
                0x0200bd60                system__task_primitives__operations__sleep
                0x0200c08c                system__task_primitives__operations__set_exit_task_procedure
                0x0200bd34                system__task_primitives__operations__unlock
                0x0200c0c0                system__task_primitives__operations__environment_task
                0x0200bc94                system__task_primitives__operations__initialize_lock
                0x0200c3bc                system__task_primitives__operations___init_proc
                0x0200c070                system__task_primitives__operations__exit_task
                0x0200be38                system__task_primitives__operations__wakeup
                0x0200bc50                system__task_primitives__operations__set
                0x0200c098                system__task_primitives__operations__abort_task
                0x0200c0cc                system__task_primitives__operations__lock_all_tasks_list
                0x0200bd00                system__task_primitives__operations__write_lock__3
                0x0200c060                system__task_primitives__operations__finalize_tcb
                0x0200bf4c                system__task_primitives__operations__new_atcb
                0x0200c100                system__task_primitives__operations__suspend_task
                0x0200be4c                system__task_primitives__operations__yield
                0x0200c0e8                system__task_primitives__operations__unlock_all_tasks_list
                0x0200c110                system__task_primitives__operations__initialize
                0x0200c0a0                system__task_primitives__operations__check_exit
                0x0200bfc4                system__task_primitives__operations__initialize_tcb
                0x0200bc80                system__task_primitives__operations__stack_guard
                0x0200bcc4                system__task_primitives__operations__finalize_lock
                0x0200c068                system__task_primitives__operations__default_exit_task_procedure
                0x0200c000                system__task_primitives__operations__create_task
                0x0200bcac                system__task_primitives__operations__initialize_lock__2
                0x0200bd18                system__task_primitives__operations__read_lock
                0x0200bee8                system__task_primitives__operations__enter_task
 .text          0x0200c5c8      0x924 /usr/local/openravenscar/lib/gcc-lib/sparc-ork-elf/2.8.1/adalib/libgnarl.a(s-tarest.o)
                0x0200c83c                system__tasking__restricted__stages__create_restricted_task
                0x0200cd3c                system__tasking__restricted__stages__restricted_terminated
                0x0200ca4c                system__tasking__restricted__stages__activate_restricted_tasks
                0x0200cc0c                system__tasking__restricted__stages__complete_restricted_activation
                0x0200cd50                system__tasking__restricted__stages__finalize_global_tasks
                0x0200cda4                system__tasking__restricted__stages___elabb
                0x0200ccdc                system__tasking__restricted__stages__complete_restricted_task
 .text          0x0200ceec      0xf44 /usr/local/openravenscar/lib/gcc-lib/sparc-ork-elf/2.8.1/adalib/libgnarl.a(s-tasdeb.o)
                0x0200db64                system__tasking__debug__image
                0x0200de08                system__tasking__debug___init_proc__2
                0x0200d840                system__tasking__debug__print_current_task
                0x0200dab4                system__tasking__debug__trace__2
                0x0200ceec                system__tasking__debug___elabs
                0x0200d85c                system__tasking__debug__list_tasks
                0x0200dd0c                system__tasking__debug__resume_all_tasks
                0x0200cf64                system__tasking__debug__set_user_state
                0x0200d68c                system__tasking__debug__print_task_info_header
                0x0200ddc8                system__tasking__debug___init_proc
                0x0200cf50                system__tasking__debug__self
                0x0200dd44                system__tasking__debug___elabb
                0x0200d89c                system__tasking__debug__print_accept_info
                0x0200db50                system__tasking__debug__set_trace
                0x0200d960                system__tasking__debug__trace
                0x0200dae8                system__tasking__debug__trace__3
                0x0200db1c                system__tasking__debug__trace__4
                0x0200d24c                system__tasking__debug__print_task_info
                0x0200cf48                system__tasking__debug__task_termination_hook
                0x0200cf40                system__tasking__debug__task_creation_hook
                0x0200dcd4                system__tasking__debug__suspend_all_tasks
 .text          0x0200de30      0x75c /usr/local/openravenscar/lib/gcc-lib/sparc-ork-elf/2.8.1/adalib/libgnarl.a(s-taskin.o)
                0x0200e244                system__tasking___init_proc__3
                0x0200e4ec                system__tasking___init_proc__8
                0x0200e4ac                system__tasking___init_proc__7
                0x0200de30                system__tasking__self
                0x0200e20c                system__tasking___init_proc__2
                0x0200df6c                system__tasking___elabb
                0x0200e2c0                system__tasking___init_proc__4
                0x0200e4f8                system__tasking___init_proc__9
                0x0200e1b8                system__tasking___init_proc
                0x0200e314                system__tasking___init_proc__6
                0x0200de44                system__tasking__initialize_atcb
                0x0200e2cc                system__tasking___init_proc__5
 .text          0x0200e58c       0x14 /usr/local/openravenscar/lib/gcc-lib/sparc-ork-elf/2.8.1/adalib/libgnarl.a(s-taspri.o)
                0x0200e58c                system__task_primitives___init_proc
 .text          0x0200e5a0      0x1f0 /usr/local/openravenscar/lib/gcc-lib/sparc-ork-elf/2.8.1/adalib/libgnarl.a(kernel-interrupts.o)
                0x0200e668                kernel_detach_interrupt_handler
                0x0200e6b0                kernel__interrupts___elabb
                0x0200e5a0                kernel__interrupts__null_handler
                0x0200e5a8                kernel__interrupts__wrapper
                0x0200e690                kernel_current_interrupt_handler
                0x0200e608                kernel_attach_interrupt_handler
                0x0200e734                kernel__interrupts___init_proc__2
                0x0200e71c                kernel__interrupts___init_proc
 .text          0x0200e790      0x5dc /usr/local/openravenscar/lib/gcc-lib/sparc-ork-elf/2.8.1/adalib/libgnarl.a(kernel-threads.o)
                0x0200e790                kernel__threads___elabs
                0x0200ed30                kernel__threads___init_proc__3
                0x0200ea00                kernel_yield
                0x0200eb00                kernel_check_no_mutexes
                0x0200eb10                kernel_condition_init
                0x0200e960                kernel__threads__set_active_priority
                0x0200e914                kernel_set_priority
                0x0200ebd4                kernel_condition_signal
                0x0200ec34                kernel_thread_create
                0x0200e81c                kernel__threads__default_dummy_task_function
                0x0200ecfc                kernel_thread_self
                0x0200e7cc                kernel__threads__thread_caller
                0x0200eb18                kernel_condition_wait
                0x0200e82c                kernel_initialize
                0x0200eaa0                kernel_mutex_unlock
                0x0200ea48                kernel_mutex_lock
                0x0200ea3c                kernel_mutex_init
                0x0200ed0c                kernel__threads___elabb
                0x0200ed1c                kernel__threads___init_proc
                0x0200ed28                kernel__threads___init_proc__2
                0x0200e9e4                kernel_get_priority
 .text          0x0200ed6c       0x28 /usr/local/openravenscar/lib/gcc-lib/sparc-ork-elf/2.8.1/adalib/libgnarl.a(kernel-threads-atcb.o)
                0x0200ed84                kernel__threads__atcb___elabb
                0x0200ed74                kernel__threads__atcb__thread_self_atcb
                0x0200ed6c                kernel__threads__atcb__set_atcb
 .text          0x0200ed94      0x478 /usr/local/openravenscar/lib/gcc-lib/sparc-ork-elf/2.8.1/adalib/libgnarl.a(kernel-threads-queues.o)
                0x0200efac                kernel__threads__queues__insert_alarm
                0x0200ee50                kernel__threads__queues__insert_at_tail
                0x0200edac                kernel__threads__queues__insert_at_head
                0x0200f078                kernel__threads__queues__extract_first_alarm
                0x0200ef60                kernel__threads__queues__get_new_thread_descriptor
                0x0200f17c                kernel__threads__queues___init_proc
                0x0200eef4                kernel__threads__queues__extract_from_ready
                0x0200f0a4                kernel__threads__queues__get_next_alarm_time
                0x0200f0d8                kernel__threads__queues___elabb
                0x0200ef3c                kernel__threads__queues__next_running
                0x0200eda0                kernel__threads__queues__environment_thread_id
                0x0200ed94                kernel__threads__queues__dummy_thread_id
 .text          0x0200f20c      0x108 /usr/local/openravenscar/lib/gcc-lib/sparc-ork-elf/2.8.1/adalib/libgnarl.a(kernel-threads-protection.o)
                0x0200f230                kernel__threads__protection__leave_kernel
                0x0200f20c                kernel__threads__protection__dispatch
                0x0200f304                kernel__threads__protection___elabb
                0x0200f21c                kernel__threads__protection__enter_kernel
 .text          0x0200f314      0x3c4 /usr/local/openravenscar/lib/gcc-lib/sparc-ork-elf/2.8.1/adalib/libgnarl.a(kernel-time.o)
                0x0200f3cc                kernel_delay_until
                0x0200f314                kernel_clock
                0x0200f698                kernel__time___elabb
 .text          0x0200f6d8       0x9c /usr/local/openravenscar/lib/gcc-lib/sparc-ork-elf/2.8.1/adalib/libgnarl.a(kernel-memory.o)
                0x0200f734                kernel__memory___elabb
                0x0200f6e0                kernel_new_stack
                0x0200f6d8                kernel_new_memory_region
 .text          0x0200f774       0x88 /usr/local/openravenscar/lib/gcc-lib/sparc-ork-elf/2.8.1/adalib/libgnarl.a(kernel-cpu_primitives.o)
                0x0200f774                kernel__cpu_primitives__context_switch
                0x0200f780                kernel__cpu_primitives__initialize_context
                0x0200f7ec                kernel__cpu_primitives___elabb
 .text          0x0200f7fc       0x44 /usr/local/openravenscar/lib/gcc-lib/sparc-ork-elf/2.8.1/adalib/libgnarl.a(kernel-peripherals-registers.o)
                0x0200f7fc                kernel__peripherals__registers___elabs
 .text          0x0200f840      0x6ac /usr/local/openravenscar/lib/gcc-lib/sparc-ork-elf/2.8.1/adalib/libgnarl.a(kernel-peripherals.o)
                0x0200f850                kernel__peripherals__stop_watch_dog
                0x0200f840                kernel__peripherals__to_vector
                0x0200f86c                kernel__peripherals__init_clock
                0x0200fe38                kernel__peripherals___elabb
                0x0200f950                kernel__peripherals__cancel_and_set_alarm
                0x0200f92c                kernel__peripherals__init_board
                0x0200f964                kernel__peripherals__set_alarm
                0x0200fad8                kernel__peripherals__read_clock
                0x0200fb48                kernel__peripherals__clear_alarm_interrupt
                0x0200fd78                kernel__peripherals__uart_send
                0x0200fb50                kernel__peripherals__clear_clock_interrupt
                0x0200fc8c                kernel__peripherals__init_uart
                0x0200f864                kernel__peripherals__memory_configuration
                0x0200fb58                kernel__peripherals__protect_segment
                0x0200f848                kernel__peripherals__priority_of_interrupt
 .text          0x0200feec       0xe4 /usr/local/openravenscar/lib/gcc-lib/sparc-ork-elf/2.8.1/adalib/libgnarl.a(kernel-serial_output.o)
                0x0200ff44                kernel_new_line
                0x0200ff58                kernel_put_line_c
                0x0200ff04                kernel__serial_output__put__2
                0x0200feec                kernel_put_c
                0x0200ff74                kernel__serial_output__put_line__2
                0x0200ffa4                kernel__serial_output___elabb
 .text          0x0200ffd0      0x2dc /usr/local/openravenscar/lib/gcc-lib/sparc-ork-elf/2.8.1/adalib/libgnarl.a(context.o)
                0x020102a4                exit_from_context_switch
                0x0200ffd0                context_switch
                0x0200ffdc                context_trap
 .text          0x020102ac      0x60c /usr/local/openravenscar/lib/gcc-lib/sparc-ork-elf/2.8.1/adalib/libgnarl.a(install_handler.o)
                0x02010364                set_next_running
                0x020102ac                enable_traps
                0x02010310                install_trap_handler
                0x020102c0                install_int_handler
 .text          0x020108b8       0x34 /usr/local/openravenscar/lib/gcc-lib/sparc-ork-elf/2.8.1/adalib/libgnarl.a(int_level.o)
                0x020108b8                disable_interrupts
                0x020108d0                enable_interrupts
 .text          0x020108ec     0x25c0 /usr/local/openravenscar/lib/gcc-lib/sparc-ork-elf/2.8.1/adalib/libgnat.a(a-except.o)
                0x02012154                ada__exceptions__sdp_table_sort_move
                0x020122b4                ada__exceptions__string_to_eid
                0x02011970                __gnat_raise_nodefer_with_msg
                0x02010b1c                ada__exceptions__current_target_exception
                0x02011ae8                ada__exceptions__raise_from_signal_handler
                0x0201096c                ada__exceptions__address_image
                0x02011d6c                ada__exceptions__save_occurrence
                0x02012950                __gnat_notify_exception
                0x02011630                ada__exceptions__propagate_exception
                0x020114a4                ada__exceptions__exception_name_simple
                0x02011cc0                __gnat_reraise
                0x02011a50                __gnat_raise_exception
                0x020108ec                ada__exceptions___elabs
                0x02010a74                __gnat_break_start
                0x02010a60                ada__exceptions__allocate_machine_state
                0x02010b40                ada__exceptions__deallocate_machine_state
                0x02010df4                ada__exceptions__exception_information
                0x02011c20                __gnat_raise_storage_error
                0x02010bb0                ada__exceptions__eo_to_string
                0x020120b8                ada__exceptions__sdp_table_sort_lt
                0x02012dc4                ada__exceptions__raise_exception_no_defer
                0x020113b0                ada__exceptions__exception_name__2
                0x02012e6c                ada__exceptions__zzz
                0x0201095c                ada__exceptions__poll
                0x02011c40                ada__exceptions__raise_with_c_msg
                0x020129e4                ada__exceptions__unhandled_exception_terminate
                0x02010b54                ada__exceptions__eid_to_string
                0x02011e00                ada__exceptions__save_occurrence__2
                0x02011bac                ada__exceptions__raise_with_location
                0x02011b84                ada__exceptions__raise_no_msg
                0x020112ec                ada__exceptions__exception_message
                0x02012184                ada__exceptions__set_exception_c_msg
                0x020123dc                ada__exceptions__string_to_eo
                0x02011be0                __gnat_raise_constraint_error
                0x02011cf8                ada__exceptions__reraise_occurrence
                0x02012e74                ada__exceptions___elabb
                0x02012e9c                ada__exceptions___init_proc
                0x02011474                ada__exceptions__exception_name
                0x02010964                ada__exceptions__aaa
                0x02011d40                ada__exceptions__reraise_occurrence_no_defer
                0x02010c10                ada__exceptions__exception_identity
                0x02011e2c                __gnat_SDP_Table_Build
                0x02012948                __gnat_unhandled_exception
                0x02010a7c                ada__exceptions__call_chain
                0x02011c74                __gnat_raise_with_msg
                0x02011c00                __gnat_raise_program_error
 .text          0x02012eac      0x2ec /usr/local/openravenscar/lib/gcc-lib/sparc-ork-elf/2.8.1/adalib/libgnat.a(a-filico.o)
                0x02012ef8                ada__finalization__list_controller___deep_finalize__2
                0x02013164                ada__finalization__list_controller___init_proc__2
                0x02013128                ada__finalization__list_controller__finalize
                0x02012ee8                ada__finalization__list_controller___size__2
                0x02013140                ada__finalization__list_controller___init_proc
                0x020130f4                ada__finalization__list_controller__finalize__2
                0x02012f24                ada__finalization__list_controller___elabs
                0x02012eac                ada__finalization__list_controller___size
                0x020130dc                ada__finalization__list_controller__initialize__2
                0x02012ebc                ada__finalization__list_controller___deep_finalize
 .text          0x02013198      0x560 /usr/local/openravenscar/lib/gcc-lib/sparc-ork-elf/2.8.1/adalib/libgnat.a(a-finali.o)
                0x020133f8                ada__finalization___size__4
                0x02013678                ada__finalization__initialize
                0x02013690                ada__finalization__Oeq__2
                0x020136b8                ada__finalization___init_proc
                0x020131c0                ada__finalization___write__3
                0x020136b0                ada__finalization__finalize__2
                0x02013198                ada__finalization___size__3
                0x020131a8                ada__finalization___read__3
                0x02013680                ada__finalization__adjust
                0x020136d8                ada__finalization___init_proc__2
                0x02013434                ada__finalization___elabs
                0x02013688                ada__finalization__finalize
                0x020133a4                ada__finalization___deep_adjust
                0x020136a8                ada__finalization__initialize__2
                0x020131d8                ada__finalization___assign__3
                0x020133cc                ada__finalization___deep_finalize
                0x02013408                ada__finalization___deep_finalize__2
 .text          0x020136f8       0x6c /usr/local/openravenscar/lib/gcc-lib/sparc-ork-elf/2.8.1/adalib/libgnat.a(a-ioexce.o)
                0x020136f8                ada__io_exceptions___elabs
 .text          0x02013764     0x1e98 /usr/local/openravenscar/lib/gcc-lib/sparc-ork-elf/2.8.1/adalib/libgnat.a(a-nuelfu.o)
                0x02015220                ada__numerics__elementary_functions__sinh
                0x020140a8                ada__numerics__elementary_functions__arcsin
                0x02013e90                ada__numerics__elementary_functions__arccosh
                0x020142d4                ada__numerics__elementary_functions__arcsinh
                0x02013764                ada__numerics__elementary_functions__Oexpon
                0x02013fa4                ada__numerics__elementary_functions__arccoth
                0x02013f88                ada__numerics__elementary_functions__arccot__2
                0x0201417c                ada__numerics__elementary_functions__arcsin__2
                0x02014504                ada__numerics__elementary_functions__arctan__2
                0x02013d24                ada__numerics__elementary_functions__arccos__2
                0x02014804                ada__numerics__elementary_functions__cos
                0x0201532c                ada__numerics__elementary_functions__sqrt
                0x02015438                ada__numerics__elementary_functions__tan__2
                0x02015124                ada__numerics__elementary_functions__sin__2
                0x02014fb4                ada__numerics__elementary_functions__log__2
                0x02014a08                ada__numerics__elementary_functions__cot__2
                0x02015568                ada__numerics__elementary_functions__tanh
                0x02014b70                ada__numerics__elementary_functions__coth
                0x02014ef8                ada__numerics__elementary_functions__log
                0x020148b4                ada__numerics__elementary_functions__cosh
                0x02013f70                ada__numerics__elementary_functions__arccot
                0x020143f4                ada__numerics__elementary_functions__arctan
                0x020150dc                ada__numerics__elementary_functions__sin
                0x02013c24                ada__numerics__elementary_functions__arccos
                0x02014870                ada__numerics__elementary_functions__cos__2
                0x020153b0                ada__numerics__elementary_functions__tan
                0x02014c64                ada__numerics__elementary_functions__exp
                0x02014960                ada__numerics__elementary_functions__cot
                0x02014678                ada__numerics__elementary_functions__arctanh
 .text          0x020155fc       0x18 /usr/local/openravenscar/lib/gcc-lib/sparc-ork-elf/2.8.1/adalib/libgnat.a(a-numeri.o)
                0x020155fc                ada__numerics___elabs
 .text          0x02015614       0xc0 /usr/local/openravenscar/lib/gcc-lib/sparc-ork-elf/2.8.1/adalib/libgnat.a(a-stream.o)
                0x0201562c                ada__streams___elabs
                0x02015624                ada__streams___deep_finalize
                0x02015614                ada__streams___size
                0x020156c4                ada__streams___init_proc
 .text          0x020156d4      0x934 /usr/local/openravenscar/lib/gcc-lib/sparc-ork-elf/2.8.1/adalib/libgnat.a(a-tags.o)
                0x02015d3c                ada__tags__length
                0x02015fa8                ada__tags___init_proc
                0x02015848                ada__tags__external_tag_htable__removeXn
                0x02015e60                ada__tags__get_rc_offset
                0x02015f7c                ada__tags__set_remotely_callable
                0x02015f44                ada__tags__set_prim_op_address
                0x02015f24                ada__tags__register_tag
                0x02015ec4                ada__tags__inherit_tsd
                0x020156d4                ada__tags___elabs
                0x02015e3c                ada__tags__get_expanded_name
                0x02015f58                ada__tags__set_expanded_name
                0x02015e6c                ada__tags__get_remotely_callable
                0x02015a64                ada__tags__expanded_name
                0x020156ec                ada__tags__external_tag_htable__getXn
                0x02015e54                ada__tags__get_inheritance_depth
                0x02015e84                ada__tags__get_tsd
                0x02015940                ada__tags__external_tag_htable__setXn
                0x02015dfc                ada__tags__cw_membership
                0x02015e8c                ada__tags__inherit_dt
                0x02015794                ada__tags__external_tag_htable__get_nextXn
                0x02015b6c                ada__tags__get_external_tag
                0x02015b90                ada__tags__internal_tag
                0x02015fb0                ada__tags___init_proc__2
                0x02015d98                ada__tags___elabb
                0x02015f50                ada__tags__set_tsd
                0x02015f64                ada__tags__set_external_tag
                0x020159b4                ada__tags__get_ht_link
                0x02015d70                ada__tags__parent_size
                0x0201597c                ada__tags__equal
                0x02015760                ada__tags__external_tag_htable__get_firstXn
                0x02015f38                ada__tags__set_inheritance_depth
                0x02015ae8                ada__tags__external_tag
                0x020157d0                ada__tags__external_tag_htable__get_non_nullXn
                0x02015e48                ada__tags__get_prim_op_address
                0x02015f70                ada__tags__set_rc_offset
                0x02015a20                ada__tags__hash
                0x02015900                ada__tags__external_tag_htable__resetXn
                0x02015a58                ada__tags__set_ht_link
                0x02015fbc                ada__tags__external_tag_htable___init_procXn
 .text          0x02016008      0x25c /usr/local/openravenscar/lib/gcc-lib/sparc-ork-elf/2.8.1/adalib/libgnat.a(g-except.o)
                0x02016154                gnat__exceptions___deep_finalize
                0x02016020                gnat__exceptions___write
                0x0201605c                gnat__exceptions___output
                0x0201607c                gnat__exceptions___assign
                0x02016028                gnat__exceptions___input
                0x0201615c                gnat__exceptions___elabs
                0x02016018                gnat__exceptions___read
                0x02016008                gnat__exceptions___size
                0x02016254                gnat__exceptions___init_proc
                0x02016074                gnat__exceptions__Oeq
                0x0201614c                gnat__exceptions___deep_adjust
 .text          0x02016264      0x174 /usr/local/openravenscar/lib/gcc-lib/sparc-ork-elf/2.8.1/adalib/libgnat.a(g-hesora.o)
                0x02016334                gnat__heap_sort_a__sort
 .text          0x020163d8      0xc6c /usr/local/openravenscar/lib/gcc-lib/sparc-ork-elf/2.8.1/adalib/libgnat.a(i-c.o)
                0x02016ce8                interfaces__c__to_c__4
                0x02016828                interfaces__c__to_ada__6
                0x0201643c                interfaces__c__is_nul_terminated__2
                0x0201648c                interfaces__c__to_ada
                0x02016494                interfaces__c__to_ada__2
                0x02016950                interfaces__c__to_c
                0x020163f0                interfaces__c__is_nul_terminated
                0x02016e9c                interfaces__c__to_c__6
                0x020165c8                interfaces__c__to_ada__3
                0x020163d8                interfaces__c___elabs
                0x02016b50                interfaces__c__to_c__3
                0x020166e8                interfaces__c__to_ada__5
                0x02016cf0                interfaces__c__to_c__5
                0x02016958                interfaces__c__to_c__2
                0x020166e0                interfaces__c__to_ada__4
 .text          0x02017044     0x13b4 /usr/local/openravenscar/lib/gcc-lib/sparc-ork-elf/2.8.1/adalib/libgnat.a(s-arit64.o)
                0x02017180                system__arith_64__hi
                0x02017728                system__arith_64__scaled_divide
                0x020176f8                system__arith_64__raise_error
                0x020170f8                system__arith_64__Odivide
                0x0201706c                system__arith_64__Oadd__2
                0x02018324                system__arith_64__subtract_with_ovflo_check
                0x0201709c                system__arith_64__Omultiply
                0x02017190                system__arith_64__lo
                0x020170cc                system__arith_64__Omultiply__2
                0x02017204                system__arith_64__double_divide
                0x020174f4                system__arith_64__multiply_with_ovflo_check
                0x020183d8                system__arith_64__to_pos_int
                0x02017044                system__arith_64__Oadd
                0x02017150                system__arith_64__Oconcat
                0x020183a0                system__arith_64__to_neg_int
                0x02017124                system__arith_64__Orem
                0x02017198                system__arith_64__add_with_ovflo_check
                0x02017084                system__arith_64__Osubtract
 .text          0x020183f8      0x16c /usr/local/openravenscar/lib/gcc-lib/sparc-ork-elf/2.8.1/adalib/libgnat.a(s-except.o)
                0x0201841c                system__exceptions___init_proc
                0x020183f8                system__exceptions___elabs
                0x020184c4                system__exceptions___init_proc__4
                0x02018464                system__exceptions___init_proc__3
                0x02018504                system__exceptions___init_proc__5
                0x02018424                system__exceptions___init_proc__2
 .text          0x02018564      0x54c /usr/local/openravenscar/lib/gcc-lib/sparc-ork-elf/2.8.1/adalib/libgnat.a(s-exctab.o)
                0x02018878                system__exception_table__get_key
                0x0201860c                system__exception_table__exception_htable__get_nextXn
                0x02018840                system__exception_table__equal
                0x020187b8                system__exception_table__exception_htable__setXn
                0x02018a64                system__exception_table__exception_htable___init_procXn
                0x02018564                system__exception_table__exception_htable__getXn
                0x020187fc                system__exception_table__get_ht_link
                0x02018778                system__exception_table__exception_htable__resetXn
                0x020187f4                system__exception_table__set_ht_link
                0x02018880                system__exception_table__internal_exception
                0x02018648                system__exception_table__exception_htable__get_non_nullXn
                0x02018804                system__exception_table__hash
                0x020185d8                system__exception_table__exception_htable__get_firstXn
                0x020189b4                system__exception_table___elabb
                0x020189a0                system__exception_table__register_exception
                0x020186c0                system__exception_table__exception_htable__removeXn
 .text          0x02018ab0      0x1c4 /usr/local/openravenscar/lib/gcc-lib/sparc-ork-elf/2.8.1/adalib/libgnat.a(s-exnflt.o)
                0x02018ab0                system__exn_flt__exn_float
 .text          0x02018c74      0xb2c /usr/local/openravenscar/lib/gcc-lib/sparc-ork-elf/2.8.1/adalib/libgnat.a(s-fatflt.o)
                0x02019628                system__fat_flt__fat_float__truncation
                0x02018db8                system__fat_flt__fat_float__decompose
                0x0201914c                system__fat_flt__fat_float__model
                0x02019054                system__fat_flt__fat_float__floor
                0x02019160                system__fat_flt__fat_float__pred
                0x02019428                system__fat_flt__fat_float__scaling
                0x020190dc                system__fat_flt__fat_float__leading_part
                0x020196d8                system__fat_flt__fat_float__unbiased_rounding
                0x02018ccc                system__fat_flt__fat_float__ceiling
                0x02018d2c                system__fat_flt__fat_float__compose
                0x0201902c                system__fat_flt__fat_float__exponent
                0x020190b4                system__fat_flt__fat_float__fraction
                0x02018fa4                system__fat_flt__fat_float__gradual_scaling
                0x02019218                system__fat_flt__fat_float__remainder
                0x020193a0                system__fat_flt__fat_float__rounding
                0x02018c74                system__fat_flt__fat_float__adjacent
                0x02019540                system__fat_flt__fat_float__succ
                0x02019780                system__fat_flt__fat_float__valid
                0x02018d5c                system__fat_flt__fat_float__copy_sign
                0x02019138                system__fat_flt__fat_float__machine
 .text          0x020197a0     0x13dc /usr/local/openravenscar/lib/gcc-lib/sparc-ork-elf/2.8.1/adalib/libgnat.a(s-finimp.o)
                0x0201a9c0                system__finalization_implementation__deep_tag_attach
                0x020199cc                system__finalization_implementation___read__2
                0x0201a020                system__finalization_implementation__detach_from_final_list
                0x02019864                system__finalization_implementation___output
                0x0201a47c                system__finalization_implementation__finalize_list
                0x02019a98                system__finalization_implementation__Oeq__2
                0x0201ab4c                system__finalization_implementation___init_proc__2
                0x020198c4                system__finalization_implementation___assign
                0x0201aa78                system__finalization_implementation__initialize__2
                0x02019e84                system__finalization_implementation__attach_to_final_list
                0x0201a824                system__finalization_implementation__deep_tag_adjust
                0x02019ae0                system__finalization_implementation___assign__2
                0x0201987c                system__finalization_implementation__Oeq
                0x0201980c                system__finalization_implementation___input
                0x020197e8                system__finalization_implementation___write
                0x0201a734                system__finalization_implementation__deep_tag_initialize
                0x0201aa70                system__finalization_implementation__initialize
                0x0201ab28                system__finalization_implementation___init_proc
                0x020199f0                system__finalization_implementation___write__2
                0x02019be0                system__finalization_implementation___elabs
                0x02019a80                system__finalization_implementation___output__2
                0x02019a14                system__finalization_implementation___input__2
                0x020197b0                system__finalization_implementation___read
                0x0201a5e8                system__finalization_implementation__finalize_one
                0x0201a8f0                system__finalization_implementation__deep_tag_finalize
                0x0201a5c0                system__finalization_implementation__finalize_global_list
                0x0201ab14                system__finalization_implementation__finalize
                0x020199bc                system__finalization_implementation___size__2
                0x0201aae0                system__finalization_implementation__adjust__2
                0x020197a0                system__finalization_implementation___size
 .text          0x0201ab7c      0x658 /usr/local/openravenscar/lib/gcc-lib/sparc-ork-elf/2.8.1/adalib/libgnat.a(s-finroo.o)
                0x0201ab7c                system__finalization_root___size
                0x0201b1b0                system__finalization_root___init_proc__2
                0x0201ab8c                system__finalization_root___read
                0x0201aec4                system__finalization_root___elabs
                0x0201ad7c                system__finalization_root__Oeq__2
                0x0201ad0c                system__finalization_root___input__2
                0x0201ab94                system__finalization_root___write
                0x0201aba4                system__finalization_root___assign
                0x0201b170                system__finalization_root__finalize
                0x0201ad64                system__finalization_root___output__2
                0x0201b110                system__finalization_root__initialize
                0x0201ab9c                system__finalization_root__Oeq
                0x0201ac84                system__finalization_root___read__2
                0x0201acdc                system__finalization_root___write__2
                0x0201ac74                system__finalization_root___size__2
                0x0201b140                system__finalization_root__adjust
                0x0201add4                system__finalization_root___assign__2
                0x0201b1a0                system__finalization_root___init_proc
 .text          0x0201b1d4      0x1b4 /usr/local/openravenscar/lib/gcc-lib/sparc-ork-elf/2.8.1/adalib/libgnat.a(s-imgint.o)
                0x0201b310                system__img_int__set_image_integer
                0x0201b1d4                system__img_int__image_integer
 .text          0x0201b388      0xbc8 /usr/local/openravenscar/lib/gcc-lib/sparc-ork-elf/2.8.1/adalib/libgnat.a(s-imgrea.o)
                0x0201b388                system__img_real__image_ordinary_fixed_point
                0x0201ba74                system__img_real__set_image_real
                0x0201b45c                system__img_real__image_floating_point
 .text          0x0201bf50      0x160 /usr/local/openravenscar/lib/gcc-lib/sparc-ork-elf/2.8.1/adalib/libgnat.a(s-imguns.o)
                0x0201bf50                system__img_uns__image_unsigned
                0x0201c070                system__img_uns__set_image_unsigned
 .text          0x0201c0b0       0x40 /usr/local/openravenscar/lib/gcc-lib/sparc-ork-elf/2.8.1/adalib/libgnat.a(s-mastop.o)
                0x0201c0c8                system__machine_state_operations__get_code_loc
                0x0201c0b0                system__machine_state_operations__allocate_machine_state
                0x0201c0e8                system__machine_state_operations__set_signal_machine_state
                0x0201c0c0                system__machine_state_operations__free_machine_state
                0x0201c0d0                system__machine_state_operations__machine_state_length
                0x0201c0b8                system__machine_state_operations__enter_handler
                0x0201c0e0                system__machine_state_operations__set_machine_state
                0x0201c0d8                system__machine_state_operations__pop_frame
 .text          0x0201c0f0       0x50 /usr/local/openravenscar/lib/gcc-lib/sparc-ork-elf/2.8.1/adalib/libgnat.a(s-parame.o)
                0x0201c0f8                system__parameters__minimum_stack_size
                0x0201c100                system__parameters__adjust_storage_size
                0x0201c0f0                system__parameters__default_stack_size
 .text          0x0201c140      0x314 /usr/local/openravenscar/lib/gcc-lib/sparc-ork-elf/2.8.1/adalib/libgnat.a(s-secsta.o)
                0x0201c44c                system__secondary_stack___init_proc__2
                0x0201c3f0                system__secondary_stack___elabb
                0x0201c140                system__secondary_stack__ss_allocate
                0x0201c334                system__secondary_stack__ss_free
                0x0201c3d0                system__secondary_stack__ss_release
                0x0201c3b0                system__secondary_stack__ss_mark
                0x0201c438                system__secondary_stack___init_proc
                0x0201c2d0                system__secondary_stack__ss_init
 .text          0x0201c454      0x1fc /usr/local/openravenscar/lib/gcc-lib/sparc-ork-elf/2.8.1/adalib/libgnat.a(s-sopco3.o)
                0x0201c454                system__string_ops_concat_3__str_concat_3
 .text          0x0201c650      0x1e4 /usr/local/openravenscar/lib/gcc-lib/sparc-ork-elf/2.8.1/adalib/libgnat.a(s-stache.o)
                0x0201c650                system__stack_checking___elabs
                0x0201c668                _gnat_stack_check
                0x0201c7ec                system__stack_checking__set_stack_size
                0x0201c824                system__stack_checking___init_proc
                0x0201c6f4                system__stack_checking__invalidate_stack_cache
                0x0201c814                system__stack_checking__update_stack_cache
 .text          0x0201c834       0x28 /usr/local/openravenscar/lib/gcc-lib/sparc-ork-elf/2.8.1/adalib/libgnat.a(s-stalib.o)
                0x0201c834                system__standard_library__abort_undefer_direct
                0x0201c850                system__standard_library___init_proc
 .text          0x0201c85c       0x64 /usr/local/openravenscar/lib/gcc-lib/sparc-ork-elf/2.8.1/adalib/libgnat.a(s-stoele.o)
                0x0201c87c                system__storage_elements__Omod
                0x0201c8b0                system__storage_elements__to_address
                0x0201c864                system__storage_elements__Oadd__2
                0x0201c86c                system__storage_elements__Osubtract
                0x0201c85c                system__storage_elements__Oadd
                0x0201c8b8                system__storage_elements__to_integer
                0x0201c874                system__storage_elements__Osubtract__2
 .text          0x0201c8c0     0x102c /usr/local/openravenscar/lib/gcc-lib/sparc-ork-elf/2.8.1/adalib/libgnat.a(s-stratt.o)
                0x0201cfd8                system__stream_attributes__i_si
                0x0201d290                system__stream_attributes__w_ad
                0x0201c9c8                system__stream_attributes__i_b
                0x0201d384                system__stream_attributes__w_c
                0x0201cba0                system__stream_attributes__i_lf
                0x0201cf50                system__stream_attributes__i_sf
                0x0201d80c                system__stream_attributes__w_su
                0x0201ca2c                system__stream_attributes__i_c
                0x0201ccd0                system__stream_attributes__i_llf
                0x0201d118                system__stream_attributes__i_su
                0x0201ce20                system__stream_attributes__i_llu
                0x0201d708                system__stream_attributes__w_sf
                0x0201d190                system__stream_attributes__i_u
                0x0201d8a8                system__stream_attributes__w_wc
                0x0201c8c0                system__stream_attributes__i_ad
                0x0201d850                system__stream_attributes__w_u
                0x0201d6b0                system__stream_attributes__w_lu
                0x0201d350                system__stream_attributes__w_b
                0x0201d5b8                system__stream_attributes__w_lli
                0x0201d0b4                system__stream_attributes__i_ssu
                0x0201cc48                system__stream_attributes__i_li
                0x0201d7a4                system__stream_attributes__w_ssi
                0x0201d760                system__stream_attributes__w_si
                0x0201d468                system__stream_attributes__w_lf
                0x0201d050                system__stream_attributes__i_ssi
                0x0201ca90                system__stream_attributes__i_f
                0x0201d4e4                system__stream_attributes__w_li
                0x0201d300                system__stream_attributes__w_as
                0x0201d410                system__stream_attributes__w_i
                0x0201cb18                system__stream_attributes__i_i
                0x0201cd78                system__stream_attributes__i_lli
                0x0201d218                system__stream_attributes__i_wc
                0x0201d53c                system__stream_attributes__w_llf
                0x0201d7d8                system__stream_attributes__w_ssu
                0x0201c938                system__stream_attributes__i_as
                0x0201d3b8                system__stream_attributes__w_f
                0x0201d634                system__stream_attributes__w_llu
                0x0201cec8                system__stream_attributes__i_lu
 .text          0x0201d8ec      0x5b8 /usr/local/openravenscar/lib/gcc-lib/sparc-ork-elf/2.8.1/adalib/libgnat.a(s-strops.o)
                0x0201dd10                system__string_ops__str_equal
                0x0201dbe8                system__string_ops__str_concat_sc
                0x0201de20                system__string_ops__str_normalize
                0x0201d8ec                system__string_ops__str_concat
                0x0201db0c                system__string_ops__str_concat_cs
                0x0201de60                system__string_ops__wide_str_normalize
                0x0201daac                system__string_ops__str_concat_cc
 .text          0x0201dea4      0x298 /usr/local/openravenscar/lib/gcc-lib/sparc-ork-elf/2.8.1/adalib/libgnat.a(s-soflin.o)
                0x0201e008                system__soft_links__set_jmpbuf_address_soft
                0x0201df74                system__soft_links__get_stack_info_nt
                0x0201e0d0                system__soft_links___elabb
                0x0201df68                system__soft_links__get_current_excep_nt
                0x0201e078                system__soft_links__set_exc_stack_addr_soft
                0x0201dea4                system__soft_links__abort_defer_nt
                0x0201ded8                system__soft_links__check_abort_status_nt
                0x0201df20                system__soft_links__get_sec_stack_addr_nt
                0x0201df14                system__soft_links__set_jmpbuf_address_nt
                0x0201def8                system__soft_links__task_lock_nt
                0x0201e0b4                system__soft_links__set_machine_state_addr_soft
                0x0201dee8                system__soft_links__current_master_nt
                0x0201deac                system__soft_links__abort_handler_nt
                0x0201dfa4                system__soft_links__destroy_tsd
                0x0201e05c                system__soft_links__get_exc_stack_addr_soft
                0x0201df08                system__soft_links__get_jmpbuf_address_nt
                0x0201deb4                system__soft_links__abort_undefer_nt
                0x0201df80                system__soft_links__create_tsd
                0x0201df44                system__soft_links__set_machine_state_addr_nt
                0x0201df2c                system__soft_links__set_sec_stack_addr_nt
                0x0201debc                system__soft_links__update_exception_nt
                0x0201df5c                system__soft_links__set_exc_stack_addr_nt
                0x0201e110                system__soft_links___init_proc
                0x0201dfec                system__soft_links__get_jmpbuf_address_soft
                0x0201def0                system__soft_links__enter_master_nt
                0x0201e098                system__soft_links__get_machine_state_addr_soft
                0x0201e040                system__soft_links__set_sec_stack_addr_soft
                0x0201df00                system__soft_links__task_unlock_nt
                0x0201dfc8                system__soft_links__get_gnat_exception
                0x0201e024                system__soft_links__get_sec_stack_addr_soft
                0x0201dee0                system__soft_links__complete_master_nt
                0x0201df38                system__soft_links__get_machine_state_addr_nt
                0x0201df50                system__soft_links__get_exc_stack_addr_nt
 .text          0x0201e13c       0x68 /usr/local/openravenscar/lib/gcc-lib/sparc-ork-elf/2.8.1/adalib/libgnat.a(s-traceb.o)
                0x0201e150                system__traceback__get_code_loc
                0x0201e178                system__traceback__pop_frame
                0x0201e164                system__traceback__free_machine_state
                0x0201e13c                system__traceback__allocate_machine_state
                0x0201e190                system__traceback__set_machine_state
 .text          0x0201e1a4       0xfc /usr/local/openravenscar/lib/gcc-lib/sparc-ork-elf/2.8.1/adalib/libgnat.a(a-argv.o)
                0x0201e26c                fill_env
                0x0201e210                env_count
                0x0201e24c                len_env
                0x0201e1a4                arg_count
                0x0201e1b0                gnat_argval
                0x0201e1dc                fill_arg
                0x0201e1bc                len_arg
 .text          0x0201e2a0      0x14c /usr/local/openravenscar/lib/gcc-lib/sparc-ork-elf/2.8.1/adalib/libgnat.a(a-cio.o)
                0x0201e2c0                put_int
                0x0201e2dc                get_char
                0x0201e2a0                get_int
                0x0201e3cc                put_char_stderr
                0x0201e32c                put_char
 .text          0x0201e3ec        0xc /usr/local/openravenscar/lib/gcc-lib/sparc-ork-elf/2.8.1/adalib/libgnat.a(a-exit.o)
                0x0201e3ec                set_gnat_exit_status
 .text          0x0201e3f8      0x1f4 /usr/local/openravenscar/lib/gcc-lib/sparc-ork-elf/2.8.1/adalib/libgnat.a(a-raise.o)
                0x0201e3f8                _gnat_builtin_longjmp
                0x0201e450                __gnat_malloc
                0x0201e508                __gnat_free
                0x0201e438                __gnat_unhandled_terminate
                0x0201e544                __gnat_realloc
 .text          0x0201e5ec      0x410 /usr/local/openravenscar/lib/gcc-lib/sparc-ork-elf/2.8.1/adalib/libgnat.a(a-init.o)
                0x0201e7e0                __gnat_pop_frame
                0x0201e9f4                __gnat_init_float
                0x0201e5ec                __gnat_set_globals
                0x0201e9ec                __gnat_get_code_loc
                0x0201e644                __gnat_initialize
                0x0201e930                __gnat_enter_handler
                0x0201e9e4                __gnat_machine_state_length
                0x0201e884                __gnat_set_machine_state
 .text          0x0201e9fc        0x8 /usr/local/openravenscar/lib/gcc-lib/sparc-ork-elf/2.8.1/adalib/libgnat.a(a-final.o)
                0x0201e9fc                __gnat_finalize
 .text          0x0201ea04      0xc1c /usr/local/openravenscar/lib/gcc-lib/sparc-ork-elf/2.8.1/adalib/libgnat.a(s-fatllf.o)
                0x0201eb08                system__fat_llf__fat_long_long_float__copy_sign
                0x0201ed78                system__fat_llf__fat_long_long_float__gradual_scaling
                0x0201f54c                system__fat_llf__fat_long_long_float__unbiased_rounding
                0x0201ee10                system__fat_llf__fat_long_long_float__exponent
                0x0201ead4                system__fat_llf__fat_long_long_float__compose
                0x0201ee3c                system__fat_llf__fat_long_long_float__floor
                0x0201ea04                system__fat_llf__fat_long_long_float__adjacent
                0x0201ef68                system__fat_llf__fat_long_long_float__pred
                0x0201eea8                system__fat_llf__fat_long_long_float__fraction
                0x0201f028                system__fat_llf__fat_long_long_float__remainder
                0x0201f270                system__fat_llf__fat_long_long_float__scaling
                0x0201ea68                system__fat_llf__fat_long_long_float__ceiling
                0x0201eb6c                system__fat_llf__fat_long_long_float__decompose
                0x0201f398                system__fat_llf__fat_long_long_float__succ
                0x0201eed4                system__fat_llf__fat_long_long_float__leading_part
                0x0201f1d8                system__fat_llf__fat_long_long_float__rounding
                0x0201ef50                system__fat_llf__fat_long_long_float__model
                0x0201f5f8                system__fat_llf__fat_long_long_float__valid
                0x0201f488                system__fat_llf__fat_long_long_float__truncation
                0x0201ef3c                system__fat_llf__fat_long_long_float__machine
 .text          0x0201f620      0x18c /usr/local/openravenscar/lib/gcc-lib/sparc-ork-elf/2.8.1/adalib/libgnat.a(s-imgllu.o)
                0x0201f620                system__img_llu__image_long_long_unsigned
                0x0201f768                system__img_llu__set_image_long_long_unsigned
 .text          0x0201f7ac      0x894 /usr/local/openravenscar/lib/gcc-lib/sparc-ork-elf/2.8.1/adalib/libgnat.a(a-adaint.o)
                0x0201f93c                get_object_suffix_ptr
                0x0201f8e8                Get_Default_Identifier_Character_Set
                0x0201f8d0                Get_Maximum_File_Name_Length
                0x0201f8e0                Get_File_Names_Case_Sensitive
                0x0201fb58                file_time_name
                0x0201f8f8                Get_Pathsep_Char
                0x0201f9d8                open_read
                0x0201f8f0                Get_Dirsep_Char
                0x0201fbf0                is_regular_file
                0x0201f8d8                Get_Switch_Character
                0x0201fda4                locate_regular_file
                0x0201fff4                to_canonical_file_list_next
                0x02020020                to_host_dir_spec
                0x0201fbd0                __gnat_file_exists
                0x0201fac4                __gnat_mkdir
                0x02020018                to_canonical_path_spec
                0x0201fc70                is_writable_file
                0x0201fa9c                open_new_temp
                0x0201fca4                portable_spawn
                0x02020008                to_canonical_dir_spec
                0x0201fb90                get_env_value_ptr
                0x0201fb74                file_time_fd
                0x0201fb50                readdir_is_thread_safe
                0x0201fa74                open_new
                0x0201f7ac                to_gm_time
                0x0201f820                Try_Lock
                0x02020010                to_canonical_file_spec
                0x0201fd60                portable_wait
                0x0201ffec                to_canonical_file_list_init
                0x02020038                convert_addresses
                0x0201f970                get_executable_suffix_ptr
                0x0201fc30                is_directory
                0x0201fa4c                open_append
                0x0201fa24                open_create
                0x0201f9fc                open_rw
                0x0201fadc                file_length
                0x0201fb1c                readdir_gnat
                0x02020030                adjust_os_resource_limits
                0x0201ff30                locate_exec
                0x0201fd20                portable_no_block_spawn
                0x0201fd90                os_exit
                0x0201fbc4                Get_Libraries_From_Registry
                0x02020000                to_canonical_file_list_free
                0x0201f900                Get_Current_Dir
                0x02020028                to_host_file_spec
                0x0201ffa4                locate_exec_on_path
                0x0201f9a4                get_debuggable_suffix_ptr
 .text          0x02020040      0x294 /usr/local/openravenscar/sparc-ork-elf/lib/libm.a(s_atan.o)
                0x02020040                atan
 .text          0x020202d4       0xf0 /usr/local/openravenscar/sparc-ork-elf/lib/libm.a(s_cos.o)
                0x020202d4                cos
 .text          0x020203c4       0x2c /usr/local/openravenscar/sparc-ork-elf/lib/libm.a(s_fabs.o)
                0x020203c4                fabs
 .text          0x020203f0       0xf0 /usr/local/openravenscar/sparc-ork-elf/lib/libm.a(s_sin.o)
                0x020203f0                sin
 .text          0x020204e0       0x9c /usr/local/openravenscar/sparc-ork-elf/lib/libm.a(s_tan.o)
                0x020204e0                tan
 .text          0x0202057c      0x134 /usr/local/openravenscar/sparc-ork-elf/lib/libm.a(s_tanh.o)
                0x0202057c                tanh
 .text          0x020206b0       0xf8 /usr/local/openravenscar/sparc-ork-elf/lib/libm.a(w_acos.o)
                0x020206b0                acos
 .text          0x020207a8       0xf8 /usr/local/openravenscar/sparc-ork-elf/lib/libm.a(w_asin.o)
                0x020207a8                asin
 .text          0x020208a0      0x1c0 /usr/local/openravenscar/sparc-ork-elf/lib/libm.a(w_exp.o)
                0x020208a0                exp
 .text          0x02020a60      0x184 /usr/local/openravenscar/sparc-ork-elf/lib/libm.a(w_log.o)
                0x02020a60                log
 .text          0x02020be4      0x60c /usr/local/openravenscar/sparc-ork-elf/lib/libm.a(w_pow.o)
                0x02020be4                pow
 .text          0x020211f0      0x118 /usr/local/openravenscar/sparc-ork-elf/lib/libm.a(w_sqrt.o)
                0x020211f0                sqrt
 .text          0x02021308      0x3ac /usr/local/openravenscar/sparc-ork-elf/lib/libm.a(e_acos.o)
                0x02021308                __ieee754_acos
 .text          0x020216b4      0x340 /usr/local/openravenscar/sparc-ork-elf/lib/libm.a(e_asin.o)
                0x020216b4                __ieee754_asin
 .text          0x020219f4      0x2f0 /usr/local/openravenscar/sparc-ork-elf/lib/libm.a(e_exp.o)
                0x020219f4                __ieee754_exp
 .text          0x02021ce4      0x310 /usr/local/openravenscar/sparc-ork-elf/lib/libm.a(e_log.o)
                0x02021ce4                __ieee754_log
 .text          0x02021ff4      0x99c /usr/local/openravenscar/sparc-ork-elf/lib/libm.a(e_pow.o)
                0x02021ff4                __ieee754_pow
 .text          0x02022990      0x3d8 /usr/local/openravenscar/sparc-ork-elf/lib/libm.a(e_rem_pio2.o)
                0x02022990                __ieee754_rem_pio2
 .text          0x02022d68      0x264 /usr/local/openravenscar/sparc-ork-elf/lib/libm.a(e_sqrt.o)
                0x02022d68                __ieee754_sqrt
 .text          0x02022fcc      0x17c /usr/local/openravenscar/sparc-ork-elf/lib/libm.a(k_cos.o)
                0x02022fcc                __kernel_cos
 .text          0x02023148      0x838 /usr/local/openravenscar/sparc-ork-elf/lib/libm.a(k_rem_pio2.o)
                0x02023148                __kernel_rem_pio2
 .text          0x02023980      0x11c /usr/local/openravenscar/sparc-ork-elf/lib/libm.a(k_sin.o)
                0x02023980                __kernel_sin
 .text          0x02023a9c      0x2b4 /usr/local/openravenscar/sparc-ork-elf/lib/libm.a(k_tan.o)
                0x02023a9c                __kernel_tan
 .text          0x02023d50      0x40c /usr/local/openravenscar/sparc-ork-elf/lib/libm.a(s_expm1.o)
                0x02023d50                expm1
 .text          0x0202415c       0x18 /usr/local/openravenscar/sparc-ork-elf/lib/libm.a(s_finite.o)
                0x0202415c                finite
 .text          0x02024174      0x1a0 /usr/local/openravenscar/sparc-ork-elf/lib/libm.a(s_floor.o)
                0x02024174                floor
 .text          0x02024314       0x28 /usr/local/openravenscar/sparc-ork-elf/lib/libm.a(s_isnan.o)
                0x02024314                isnan
 .text          0x0202433c        0x8 /usr/local/openravenscar/sparc-ork-elf/lib/libm.a(s_matherr.o)
                0x0202433c                matherr
 .text          0x02024344      0x1c8 /usr/local/openravenscar/sparc-ork-elf/lib/libm.a(s_rint.o)
                0x02024344                rint
 .text          0x0202450c      0x1d8 /usr/local/openravenscar/sparc-ork-elf/lib/libm.a(s_scalbn.o)
                0x0202450c                scalbn
 .text          0x020246e4       0x40 /usr/local/openravenscar/sparc-ork-elf/lib/libm.a(s_copysign.o)
                0x020246e4                copysign
 .text          0x02024724        0x8 /usr/local/openravenscar/lib/gcc-lib/sparc-ork-elf/2.8.1/libgcc.a(__dummy.o)
                0x02024724                __dummy
 .text          0x0202472c       0x48 /usr/local/openravenscar/lib/gcc-lib/sparc-ork-elf/2.8.1/libgcc.a(_ashldi3.o)
                0x0202472c                __ashldi3
 .text          0x02024774       0x38 /usr/local/openravenscar/lib/gcc-lib/sparc-ork-elf/2.8.1/libgcc.a(_cmpdi2.o)
                0x02024774                __cmpdi2
 .text          0x020247ac      0x3c0 /usr/local/openravenscar/lib/gcc-lib/sparc-ork-elf/2.8.1/libgcc.a(_divdi3.o)
                0x020247ac                __divdi3
 .text          0x02024b6c      0x1f4 /usr/local/openravenscar/lib/gcc-lib/sparc-ork-elf/2.8.1/libgcc.a(_divsi3.o)
                0x02024b6c                udiv
                0x02024b78                div
 .text          0x02024d60       0x58 /usr/local/openravenscar/lib/gcc-lib/sparc-ork-elf/2.8.1/libgcc.a(_fixsfdi.o)
                0x02024d60                __fixsfdi
 .text          0x02024db8      0x1c0 /usr/local/openravenscar/lib/gcc-lib/sparc-ork-elf/2.8.1/libgcc.a(_fixunsdfdi.o)
                0x02024db8                __fixunsdfdi
 .text          0x02024f78      0x1c8 /usr/local/openravenscar/lib/gcc-lib/sparc-ork-elf/2.8.1/libgcc.a(_fixunssfdi.o)
                0x02024f78                __fixunssfdi
 .text          0x02025140       0x54 /usr/local/openravenscar/lib/gcc-lib/sparc-ork-elf/2.8.1/libgcc.a(_floatdidf.o)
                0x02025140                __floatdidf
 .text          0x02025194       0xa8 /usr/local/openravenscar/lib/gcc-lib/sparc-ork-elf/2.8.1/libgcc.a(_floatdisf.o)
                0x02025194                __floatdisf
 .text          0x0202523c       0x48 /usr/local/openravenscar/lib/gcc-lib/sparc-ork-elf/2.8.1/libgcc.a(_lshrdi3.o)
                0x0202523c                __lshrdi3
 .text          0x02025284      0x1f4 /usr/local/openravenscar/lib/gcc-lib/sparc-ork-elf/2.8.1/libgcc.a(_modsi3.o)
                0x02025284                urem
                0x02025290                rem
 .text          0x02025478       0xe0 /usr/local/openravenscar/lib/gcc-lib/sparc-ork-elf/2.8.1/libgcc.a(_muldi3.o)
                0x02025478                __muldi3
 .text          0x02025558       0xe8 /usr/local/openravenscar/lib/gcc-lib/sparc-ork-elf/2.8.1/libgcc.a(_mulsi3.o)
                0x02025558                umul
 .text          0x02025640      0x340 /usr/local/openravenscar/lib/gcc-lib/sparc-ork-elf/2.8.1/libgcc.a(_udivdi3.o)
                0x02025640                __udivdi3
 .text          0x02025980      0x39c /usr/local/openravenscar/lib/gcc-lib/sparc-ork-elf/2.8.1/libgcc.a(_umoddi3.o)
                0x02025980                __umoddi3
 .text          0x02025d1c      0xa48 /usr/local/openravenscar/lib/gcc-lib/sparc-ork-elf/2.8.1/libgcc.a(frame.o)
                0x02026640                __frame_state_for
                0x020265d8                __deregister_frame_info
                0x020265b0                __register_frame_info_table
                0x02026588                __register_frame_info
 .text          0x02026764       0x20 /usr/local/openravenscar/sparc-ork-elf/lib/libc.a(abort.o)
                0x02026764                abort
 .text          0x02026784       0x1c /usr/local/openravenscar/sparc-ork-elf/lib/libc.a(atoi.o)
                0x02026784                atoi
 .text          0x020267a0        0xc /usr/local/openravenscar/sparc-ork-elf/lib/libc.a(errno.o)
                0x020267a0                __errno
 .text          0x020267ac       0x8c /usr/local/openravenscar/sparc-ork-elf/lib/libc.a(exit.o)
                0x020267ac                exit
 .text          0x02026838       0x90 /usr/local/openravenscar/sparc-ork-elf/lib/libc.a(fputc.o)
                0x02026838                fputc
 .text          0x020268c8       0x40 /usr/local/openravenscar/sparc-ork-elf/lib/libc.a(getenv.o)
                0x020268e8                getenv
                0x020268c8                _findenv
 .text          0x02026908      0x100 /usr/local/openravenscar/sparc-ork-elf/lib/libc.a(getenv_r.o)
                0x02026908                _findenv_r
                0x020269ec                _getenv_r
 .text          0x02026a08       0x1c /usr/local/openravenscar/sparc-ork-elf/lib/libc.a(gmtime.o)
                0x02026a08                gmtime
 .text          0x02026a24       0x20 /usr/local/openravenscar/sparc-ork-elf/lib/libc.a(lcltime.o)
                0x02026a24                localtime
 .text          0x02026a44      0x21c /usr/local/openravenscar/sparc-ork-elf/lib/libc.a(lcltime_r.o)
                0x02026a44                localtime_r
 .text          0x02026c60       0x38 /usr/local/openravenscar/sparc-ork-elf/lib/libc.a(malloc.o)
                0x02026c60                malloc
                0x02026c7c                free
 .text          0x02026c98      0x774 /usr/local/openravenscar/sparc-ork-elf/lib/libc.a(mallocr.o)
                0x02026e64                _malloc_r
 .text          0x0202740c       0x80 /usr/local/openravenscar/sparc-ork-elf/lib/libc.a(memcmp.o)
                0x0202740c                memcmp
 .text          0x0202748c       0xc4 /usr/local/openravenscar/sparc-ork-elf/lib/libc.a(memcpy.o)
                0x0202748c                memcpy
 .text          0x02027550       0xa4 /usr/local/openravenscar/sparc-ork-elf/lib/libc.a(memset.o)
                0x02027550                memset
 .text          0x020275f4       0x10 /usr/local/openravenscar/sparc-ork-elf/lib/libc.a(mlock.o)
                0x020275fc                __malloc_unlock
                0x020275f4                __malloc_lock
 .text          0x02027604       0x70 /usr/local/openravenscar/sparc-ork-elf/lib/libc.a(printf.o)
                0x02027634                printf
                0x02027604                _printf_r
 .text          0x02027674       0x20 /usr/local/openravenscar/sparc-ork-elf/lib/libc.a(realloc.o)
                0x02027674                realloc
 .text          0x02027694      0x50c /usr/local/openravenscar/sparc-ork-elf/lib/libc.a(reallocr.o)
                0x02027694                _realloc_r
 .text          0x02027ba0       0x40 /usr/local/openravenscar/sparc-ork-elf/lib/libc.a(rget.o)
                0x02027ba0                __srget
 .text          0x02027be0       0x34 /usr/local/openravenscar/sparc-ork-elf/lib/libc.a(sbrkr.o)
                0x02027be0                _sbrk_r
 .text          0x02027c14       0x64 /usr/local/openravenscar/sparc-ork-elf/lib/libc.a(scanf.o)
                0x02027c4c                _scanf_r
                0x02027c14                scanf
 .text          0x02027c78      0x24c /usr/local/openravenscar/sparc-ork-elf/lib/libc.a(signal.o)
                0x02027cd4                _signal_r
                0x02027d30                _raise_r
                0x02027dcc                __sigtramp_r
                0x02027e70                signal
                0x02027e90                _init_signal
                0x02027c78                _init_signal_r
                0x02027ea8                __sigtramp
                0x02027e54                raise
 .text          0x02027ec4       0x4c /usr/local/openravenscar/sparc-ork-elf/lib/libc.a(signalr.o)
                0x02027ec4                _kill_r
                0x02027efc                _getpid_r
 .text          0x02027f10       0xb4 /usr/local/openravenscar/sparc-ork-elf/lib/libc.a(sprintf.o)
                0x02027f10                _sprintf_r
                0x02027f64                sprintf
 .text          0x02027fc4       0x8c /usr/local/openravenscar/sparc-ork-elf/lib/libc.a(strcat.o)
                0x02027fc4                strcat
 .text          0x02028050       0xb8 /usr/local/openravenscar/sparc-ork-elf/lib/libc.a(strcmp.o)
                0x02028050                strcmp
 .text          0x02028108       0x8c /usr/local/openravenscar/sparc-ork-elf/lib/libc.a(strcpy.o)
                0x02028108                strcpy
 .text          0x02028194       0x78 /usr/local/openravenscar/sparc-ork-elf/lib/libc.a(strlen.o)
                0x02028194                strlen
 .text          0x0202820c       0xcc /usr/local/openravenscar/sparc-ork-elf/lib/libc.a(strncmp.o)
                0x0202820c                strncmp
 .text          0x020282d8       0xd4 /usr/local/openravenscar/sparc-ork-elf/lib/libc.a(strncpy.o)
                0x020282d8                strncpy
 .text          0x020283ac       0x68 /usr/local/openravenscar/sparc-ork-elf/lib/libc.a(strstr.o)
                0x020283ac                strstr
 .text          0x02028414      0x1f8 /usr/local/openravenscar/sparc-ork-elf/lib/libc.a(strtol.o)
                0x020285e8                strtol
                0x02028414                _strtol_r
 .text          0x0202860c     0x19c4 /usr/local/openravenscar/sparc-ork-elf/lib/libc.a(vfprintf.o)
                0x02028710                _vfprintf_r
                0x020286f0                vfprintf
 .text          0x02029fd0      0xf30 /usr/local/openravenscar/sparc-ork-elf/lib/libc.a(vfscanf.o)
                0x02029fd0                __svfscanf
                0x0202ae20                __sccl
 .text          0x0202af00      0x10c /usr/local/openravenscar/sparc-ork-elf/lib/libc.a(wbuf.o)
                0x0202af00                __swbuf
 .text          0x0202b00c      0x10c /usr/local/openravenscar/sparc-ork-elf/lib/libc.a(wsetup.o)
                0x0202b00c                __swsetup
 .text          0x0202b118       0x18 /usr/local/openravenscar/sparc-ork-elf/lib/libc.a(atof.o)
                0x0202b118                atof
 .text          0x0202b130     0x1250 /usr/local/openravenscar/sparc-ork-elf/lib/libc.a(dtoa.o)
                0x0202b31c                _dtoa_r
 .text          0x0202c380       0x10 /usr/local/openravenscar/sparc-ork-elf/lib/libc.a(envlock.o)
                0x0202c388                __env_unlock
                0x0202c380                __env_lock
 .text          0x0202c390       0xf0 /usr/local/openravenscar/sparc-ork-elf/lib/libc.a(fflush.o)
                0x0202c390                fflush
 .text          0x0202c480      0x228 /usr/local/openravenscar/sparc-ork-elf/lib/libc.a(findfp.o)
                0x0202c638                __sinit
                0x0202c4dc                __sfmoreglue
                0x0202c620                _cleanup
                0x0202c604                _cleanup_r
                0x0202c534                __sfp
 .text          0x0202c6a8       0xcc /usr/local/openravenscar/sparc-ork-elf/lib/libc.a(fread.o)
                0x0202c6a8                fread
 .text          0x0202c774      0x3c0 /usr/local/openravenscar/sparc-ork-elf/lib/libc.a(freer.o)
                0x0202c774                _free_r
                0x0202ca10                _malloc_trim_r
 .text          0x0202cb34      0x380 /usr/local/openravenscar/sparc-ork-elf/lib/libc.a(fvwrite.o)
                0x0202cb34                __sfvwrite
 .text          0x0202ceb4       0x60 /usr/local/openravenscar/sparc-ork-elf/lib/libc.a(fwalk.o)
                0x0202ceb4                _fwalk
 .text          0x0202cf14       0xa4 /usr/local/openravenscar/sparc-ork-elf/lib/libc.a(locale.o)
                0x0202cf14                _setlocale_r
                0x0202cf74                _localeconv_r
                0x0202cf80                setlocale
                0x0202cfa0                localeconv
 .text          0x0202cfb8      0x144 /usr/local/openravenscar/sparc-ork-elf/lib/libc.a(makebuf.o)
                0x0202cfb8                __smakebuf
 .text          0x0202d0fc       0x58 /usr/local/openravenscar/sparc-ork-elf/lib/libc.a(mbtowc_r.o)
                0x0202d0fc                _mbtowc_r
 .text          0x0202d154       0xd4 /usr/local/openravenscar/sparc-ork-elf/lib/libc.a(memchr.o)
                0x0202d154                memchr
 .text          0x0202d228      0x110 /usr/local/openravenscar/sparc-ork-elf/lib/libc.a(memmove.o)
                0x0202d228                memmove
 .text          0x0202d338      0xd14 /usr/local/openravenscar/sparc-ork-elf/lib/libc.a(mprec.o)
                0x0202e000                _mprec_log10
                0x0202d5ac                _hi0bits
                0x0202d338                _Balloc
                0x0202de3c                _d2b
                0x0202d71c                _multiply
                0x0202df70                _ratio
                0x0202d4ec                _s2b
                0x0202d6f8                _i2b
                0x0202d62c                _lo0bits
                0x0202daec                __mcmp
                0x0202d908                _pow5mult
                0x0202dcb0                _ulp
                0x0202dd3c                _b2d
                0x0202d408                _multadd
                0x0202db54                __mdiff
                0x0202d9f0                _lshift
                0x0202d3d0                _Bfree
 .text          0x0202e04c      0x19c /usr/local/openravenscar/sparc-ork-elf/lib/libc.a(refill.o)
                0x0202e060                __srefill
 .text          0x0202e1e8       0x38 /usr/local/openravenscar/sparc-ork-elf/lib/libc.a(s_isinf.o)
                0x0202e1e8                isinf
 .text          0x0202e220      0x104 /usr/local/openravenscar/sparc-ork-elf/lib/libc.a(stdio.o)
                0x0202e2bc                __sseek
                0x0202e220                __sread
                0x0202e30c                __sclose
                0x0202e26c                __swrite
 .text          0x0202e324      0xedc /usr/local/openravenscar/sparc-ork-elf/lib/libc.a(strtod.o)
                0x0202e324                _strtod_r
                0x0202f1e4                strtodf
                0x0202f1c4                strtod
 .text          0x0202f200      0x1d8 /usr/local/openravenscar/sparc-ork-elf/lib/libc.a(strtoul.o)
                0x0202f3b4                strtoul
                0x0202f200                _strtoul_r
 .text          0x0202f3d8      0x228 /usr/local/openravenscar/sparc-ork-elf/lib/libc.a(ungetc.o)
                0x0202f488                ungetc
                0x0202f3d8                __submore
 .text          0x0202f600       0x3c /usr/local/openravenscar/sparc-ork-elf/lib/libc.a(writer.o)
                0x0202f600                _write_r
 .text          0x0202f63c       0xa8 /usr/local/openravenscar/sparc-ork-elf/lib/libc.a(callocr.o)
                0x0202f63c                _calloc_r
 .text          0x0202f6e4       0x34 /usr/local/openravenscar/sparc-ork-elf/lib/libc.a(closer.o)
                0x0202f6e4                _close_r
 .text          0x0202f718       0x38 /usr/local/openravenscar/sparc-ork-elf/lib/libc.a(fstatr.o)
                0x0202f718                _fstat_r
 .text          0x0202f750       0x3c /usr/local/openravenscar/sparc-ork-elf/lib/libc.a(lseekr.o)
                0x0202f750                _lseek_r
 .text          0x0202f78c       0x3c /usr/local/openravenscar/sparc-ork-elf/lib/libc.a(readr.o)
                0x0202f78c                _read_r
 .text          0x0202f7c8      0x134 /usr/local/openravenscar/sparc-ork-elf/lib/libork.a(ada_exceptions.o)
                0x0202f7c8                Instruction_Access_Exception
                0x0202f8a4                Division_By_Zero
                0x0202f878                Stack_Overflow
                0x0202f7f4                Illegal_Instruction
                0x0202f8d0                Integer_Overflow
                0x0202f84c                FP_Exception
                0x0202f820                Address_Not_Aligned
 .text          0x0202f8fc       0x1c /usr/local/openravenscar/sparc-ork-elf/lib/libork.a(close.o)
                0x0202f8fc                close
 .text          0x0202f918       0x30 /usr/local/openravenscar/sparc-ork-elf/lib/libork.a(execv.o)
                0x0202f918                execv
 .text          0x0202f948       0x28 /usr/local/openravenscar/sparc-ork-elf/lib/libork.a(fork.o)
                0x0202f948                fork
 .text          0x0202f970       0x30 /usr/local/openravenscar/sparc-ork-elf/lib/libork.a(fstat.o)
                0x0202f970                fstat
 .text          0x0202f9a0       0x30 /usr/local/openravenscar/sparc-ork-elf/lib/libork.a(getcwd.o)
                0x0202f9a0                getcwd
 .text          0x0202f9d0       0x30 /usr/local/openravenscar/sparc-ork-elf/lib/libork.a(getpid.o)
                0x0202f9d0                getpid
                0x0202f9e8                getppid
 .text          0x0202fa00       0x84 /usr/local/openravenscar/sparc-ork-elf/lib/libork.a(isatty.o)
                0x0202fa00                isatty
 .text          0x0202fa84       0x3c /usr/local/openravenscar/sparc-ork-elf/lib/libork.a(kill.o)
                0x0202fa84                kill
 .text          0x0202fac0       0x30 /usr/local/openravenscar/sparc-ork-elf/lib/libork.a(link.o)
                0x0202fac0                link
 .text          0x0202faf0       0x34 /usr/local/openravenscar/sparc-ork-elf/lib/libork.a(lseek.o)
                0x0202faf0                lseek
 .text          0x0202fb24       0x34 /usr/local/openravenscar/sparc-ork-elf/lib/libork.a(open.o)
                0x0202fb24                open
 .text          0x0202fb58      0x148 /usr/local/openravenscar/sparc-ork-elf/lib/libork.a(read.o)
                0x0202fb58                read
 .text          0x0202fca0       0x34 /usr/local/openravenscar/sparc-ork-elf/lib/libork.a(readdir.o)
                0x0202fca0                readdir
 .text          0x0202fcd4       0x20 /usr/local/openravenscar/sparc-ork-elf/lib/libork.a(mkdir.o)
                0x0202fcd4                mkdir
 .text          0x0202fcf4       0xb0 /usr/local/openravenscar/sparc-ork-elf/lib/libork.a(sbrk.o)
                0x0202fcf4                sbrk
 .text          0x0202fda4       0x30 /usr/local/openravenscar/sparc-ork-elf/lib/libork.a(stat.o)
                0x0202fda4                stat
 .text          0x0202fdd4       0x2c /usr/local/openravenscar/sparc-ork-elf/lib/libork.a(unlink.o)
                0x0202fdd4                unlink
 .text          0x0202fe00       0x2c /usr/local/openravenscar/sparc-ork-elf/lib/libork.a(wait.o)
                0x0202fe00                wait
 .text          0x0202fe2c       0xec /usr/local/openravenscar/sparc-ork-elf/lib/libork.a(write.o)
                0x0202fe2c                write
 *fill*         0x0202ff18        0x8
                0x0202ff20                .=ALIGN(0x10)
 *(.eh_frame)
 .eh_frame      0x0202ff20      0x11c /usr/local/openravenscar/lib/gcc-lib/sparc-ork-elf/2.8.1/adalib/libgnat.a(a-init.o)
 .eh_frame      0x0203003c       0x24 /usr/local/openravenscar/lib/gcc-lib/sparc-ork-elf/2.8.1/libgcc.a(__dummy.o)
 .eh_frame      0x02030060       0x24 /usr/local/openravenscar/lib/gcc-lib/sparc-ork-elf/2.8.1/libgcc.a(_ashldi3.o)
 .eh_frame      0x02030084       0x24 /usr/local/openravenscar/lib/gcc-lib/sparc-ork-elf/2.8.1/libgcc.a(_cmpdi2.o)
 .eh_frame      0x020300a8       0x2c /usr/local/openravenscar/lib/gcc-lib/sparc-ork-elf/2.8.1/libgcc.a(_divdi3.o)
 .eh_frame      0x020300d4       0x2c /usr/local/openravenscar/lib/gcc-lib/sparc-ork-elf/2.8.1/libgcc.a(_fixsfdi.o)
 .eh_frame      0x02030100       0x2c /usr/local/openravenscar/lib/gcc-lib/sparc-ork-elf/2.8.1/libgcc.a(_fixunsdfdi.o)
 .eh_frame      0x0203012c       0x2c /usr/local/openravenscar/lib/gcc-lib/sparc-ork-elf/2.8.1/libgcc.a(_fixunssfdi.o)
 .eh_frame      0x02030158       0x28 /usr/local/openravenscar/lib/gcc-lib/sparc-ork-elf/2.8.1/libgcc.a(_floatdidf.o)
 .eh_frame      0x02030180       0x28 /usr/local/openravenscar/lib/gcc-lib/sparc-ork-elf/2.8.1/libgcc.a(_floatdisf.o)
 .eh_frame      0x020301a8       0x24 /usr/local/openravenscar/lib/gcc-lib/sparc-ork-elf/2.8.1/libgcc.a(_lshrdi3.o)
 .eh_frame      0x020301cc       0x2c /usr/local/openravenscar/lib/gcc-lib/sparc-ork-elf/2.8.1/libgcc.a(_muldi3.o)
 .eh_frame      0x020301f8       0x2c /usr/local/openravenscar/lib/gcc-lib/sparc-ork-elf/2.8.1/libgcc.a(_udivdi3.o)
 .eh_frame      0x02030224       0x2c /usr/local/openravenscar/lib/gcc-lib/sparc-ork-elf/2.8.1/libgcc.a(_umoddi3.o)
 .eh_frame      0x02030250      0x11c /usr/local/openravenscar/lib/gcc-lib/sparc-ork-elf/2.8.1/libgcc.a(frame.o)
 *fill*         0x0203036c        0x4
                0x02030370                .=ALIGN(0x10)
 *(.rodata)
 .rodata        0x02030370       0x10 ./scenario_v1.o
 .rodata        0x02030380      0x1b8 ./devicesfss_v1.o
 .rodata        0x02030538       0x4c ./workload.o
 *fill*         0x02030584        0x4
 .rodata        0x02030588       0x6c ./tools.o
 *fill*         0x020305f4        0x4
 .rodata        0x020305f8      0x27a ./fss.o
 *fill*         0x02030872        0x2
 .rodata        0x02030874        0x8 /usr/local/openravenscar/lib/gcc-lib/sparc-ork-elf/2.8.1/adalib/libgnarl.a(a-reatim.o)
 .rodata        0x0203087c        0x8 /usr/local/openravenscar/lib/gcc-lib/sparc-ork-elf/2.8.1/adalib/libgnarl.a(a-retide.o)
 *fill*         0x02030884        0x4
 .rodata        0x02030888       0x24 /usr/local/openravenscar/lib/gcc-lib/sparc-ork-elf/2.8.1/adalib/libgnarl.a(s-taprob.o)
 *fill*         0x020308ac        0x4
 .rodata        0x020308b0       0xd0 /usr/local/openravenscar/lib/gcc-lib/sparc-ork-elf/2.8.1/adalib/libgnarl.a(s-taprop.o)
 .rodata        0x02030980       0x50 /usr/local/openravenscar/lib/gcc-lib/sparc-ork-elf/2.8.1/adalib/libgnarl.a(s-tarest.o)
 .rodata        0x020309d0      0x14a /usr/local/openravenscar/lib/gcc-lib/sparc-ork-elf/2.8.1/adalib/libgnarl.a(s-tasdeb.o)
 *fill*         0x02030b1a        0x2
 .rodata        0x02030b1c      0x300 /usr/local/openravenscar/lib/gcc-lib/sparc-ork-elf/2.8.1/adalib/libgnarl.a(s-taskin.o)
 .rodata        0x02030e1c        0x8 /usr/local/openravenscar/lib/gcc-lib/sparc-ork-elf/2.8.1/adalib/libgnarl.a(kernel-interrupts.o)
 .rodata        0x02030e24        0x4 /usr/local/openravenscar/lib/gcc-lib/sparc-ork-elf/2.8.1/adalib/libgnarl.a(kernel-threads-queues.o)
 .rodata        0x02030e28       0x7c /usr/local/openravenscar/lib/gcc-lib/sparc-ork-elf/2.8.1/adalib/libgnarl.a(kernel-peripherals.o)
 *fill*         0x02030ea4        0x4
 .rodata        0x02030ea8      0x184 /usr/local/openravenscar/lib/gcc-lib/sparc-ork-elf/2.8.1/adalib/libgnat.a(a-except.o)
 *fill*         0x0203102c        0x4
 .rodata        0x02031030        0xd /usr/local/openravenscar/lib/gcc-lib/sparc-ork-elf/2.8.1/adalib/libgnat.a(a-finali.o)
 *fill*         0x0203103d        0x3
 .rodata        0x02031040      0x82c /usr/local/openravenscar/lib/gcc-lib/sparc-ork-elf/2.8.1/adalib/libgnat.a(a-nuelfu.o)
 *fill*         0x0203186c        0x4
 .rodata        0x02031870       0x42 /usr/local/openravenscar/lib/gcc-lib/sparc-ork-elf/2.8.1/adalib/libgnat.a(a-tags.o)
 *fill*         0x020318b2        0x6
 .rodata        0x020318b8        0xd /usr/local/openravenscar/lib/gcc-lib/sparc-ork-elf/2.8.1/adalib/libgnat.a(g-except.o)
 *fill*         0x020318c5        0x3
 .rodata        0x020318c8       0xab /usr/local/openravenscar/lib/gcc-lib/sparc-ork-elf/2.8.1/adalib/libgnat.a(i-c.o)