Archive member included       because of file (symbol)

/usr/local/openravenscar/lib/gcc-lib/sparc-ork-elf/2.8.1/adalib/libgnarl.a(a-reatim.o)
                              ./devicesfss_v1.o (ada__real_time__clock)
/usr/local/openravenscar/lib/gcc-lib/sparc-ork-elf/2.8.1/adalib/libgnarl.a(a-retide.o)
                              ./fss.o (ada__real_time__delays__delay_until)
/usr/local/openravenscar/lib/gcc-lib/sparc-ork-elf/2.8.1/adalib/libgnarl.a(s-taprob.o)
                              ./devicesfss_v1.o (system__tasking__protected_objects__initialize_protection)
/usr/local/openravenscar/lib/gcc-lib/sparc-ork-elf/2.8.1/adalib/libgnarl.a(s-taprop.o)
                              /usr/local/openravenscar/lib/gcc-lib/sparc-ork-elf/2.8.1/adalib/libgnarl.a(a-retide.o) (system__task_primitives__operations__self)
/usr/local/openravenscar/lib/gcc-lib/sparc-ork-elf/2.8.1/adalib/libgnarl.a(s-tarest.o)
                              ./fss.o (system__tasking__restricted__stages__create_restricted_task)
/usr/local/openravenscar/lib/gcc-lib/sparc-ork-elf/2.8.1/adalib/libgnarl.a(s-tasdeb.o)
                              b~main.o (system__tasking__debug___elabs)
/usr/local/openravenscar/lib/gcc-lib/sparc-ork-elf/2.8.1/adalib/libgnarl.a(s-taskin.o)
                              /usr/local/openravenscar/lib/gcc-lib/sparc-ork-elf/2.8.1/adalib/libgnarl.a(s-tasdeb.o) (system__tasking__task_statesT)
/usr/local/openravenscar/lib/gcc-lib/sparc-ork-elf/2.8.1/adalib/libgnarl.a(s-taspri.o)
                              /usr/local/openravenscar/lib/gcc-lib/sparc-ork-elf/2.8.1/adalib/libgnarl.a(s-taskin.o) (system__task_primitives___init_proc)
/usr/local/openravenscar/lib/gcc-lib/sparc-ork-elf/2.8.1/adalib/libgnarl.a(kernel-interrupts.o)
                              b~main.o (kernel__interrupts___elabb)
/usr/local/openravenscar/lib/gcc-lib/sparc-ork-elf/2.8.1/adalib/libgnarl.a(kernel-threads.o)
                              b~main.o (kernel__threads___elabs)
/usr/local/openravenscar/lib/gcc-lib/sparc-ork-elf/2.8.1/adalib/libgnarl.a(kernel-threads-atcb.o)
                              /usr/local/openravenscar/lib/gcc-lib/sparc-ork-elf/2.8.1/adalib/libgnarl.a(s-taprop.o) (kernel__threads__atcb__set_atcb)
/usr/local/openravenscar/lib/gcc-lib/sparc-ork-elf/2.8.1/adalib/libgnarl.a(kernel-threads-queues.o)
                              /usr/local/openravenscar/lib/gcc-lib/sparc-ork-elf/2.8.1/adalib/libgnarl.a(s-taprop.o) (running_thread)
/usr/local/openravenscar/lib/gcc-lib/sparc-ork-elf/2.8.1/adalib/libgnarl.a(kernel-threads-protection.o)
                              /usr/local/openravenscar/lib/gcc-lib/sparc-ork-elf/2.8.1/adalib/libgnarl.a(kernel-threads.o) (kernel__threads__protection__dispatch)
/usr/local/openravenscar/lib/gcc-lib/sparc-ork-elf/2.8.1/adalib/libgnarl.a(kernel-time.o)
                              /usr/local/openravenscar/lib/gcc-lib/sparc-ork-elf/2.8.1/adalib/libgnarl.a(s-taprop.o) (kernel_clock)
/usr/local/openravenscar/lib/gcc-lib/sparc-ork-elf/2.8.1/adalib/libgnarl.a(kernel-memory.o)
                              /usr/local/openravenscar/sparc-ork-elf/lib/ada_crt0.o (environment_stack)
/usr/local/openravenscar/lib/gcc-lib/sparc-ork-elf/2.8.1/adalib/libgnarl.a(kernel-cpu_primitives.o)
                              /usr/local/openravenscar/lib/gcc-lib/sparc-ork-elf/2.8.1/adalib/libgnarl.a(kernel-threads-protection.o) (kernel__cpu_primitives__context_switch)
/usr/local/openravenscar/lib/gcc-lib/sparc-ork-elf/2.8.1/adalib/libgnarl.a(kernel-peripherals-registers.o)
                              b~main.o (kernel__peripherals__registers___elabs)
/usr/local/openravenscar/lib/gcc-lib/sparc-ork-elf/2.8.1/adalib/libgnarl.a(kernel-peripherals.o)
                              /usr/local/openravenscar/lib/gcc-lib/sparc-ork-elf/2.8.1/adalib/libgnarl.a(kernel-interrupts.o) (kernel__peripherals__to_vector)
/usr/local/openravenscar/lib/gcc-lib/sparc-ork-elf/2.8.1/adalib/libgnarl.a(kernel-serial_output.o)
                              ./devicesfss_v1.o (kernel__serial_output__put__2)
/usr/local/openravenscar/lib/gcc-lib/sparc-ork-elf/2.8.1/adalib/libgnarl.a(context.o)
                              /usr/local/openravenscar/sparc-ork-elf/lib/ada_crt0.o (context_trap)
/usr/local/openravenscar/lib/gcc-lib/sparc-ork-elf/2.8.1/adalib/libgnarl.a(install_handler.o)
                              /usr/local/openravenscar/sparc-ork-elf/lib/ada_crt0.o (FP_Save_Pending)
/usr/local/openravenscar/lib/gcc-lib/sparc-ork-elf/2.8.1/adalib/libgnarl.a(int_level.o)
                              /usr/local/openravenscar/lib/gcc-lib/sparc-ork-elf/2.8.1/adalib/libgnarl.a(kernel-threads-protection.o) (disable_interrupts)
/usr/local/openravenscar/lib/gcc-lib/sparc-ork-elf/2.8.1/adalib/libgnat.a(a-except.o)
                              b~main.o (ada__exceptions___elabs)
/usr/local/openravenscar/lib/gcc-lib/sparc-ork-elf/2.8.1/adalib/libgnat.a(a-filico.o)
                              b~main.o (ada__finalization__list_controller___elabs)
[...]
Memory Configuration

Name             Origin             Length             Attributes
rom              0x00000000         0x00200000         xr
ram              0x02000000         0x003f8000         xrw
*default*        0x00000000         0xffffffff

Linker script and memory map

                0x00200000                PROM_SIZE=0x200000
                0x00400000                RAM_SIZE=0x400000
                0x00000000                PROM_START=0x0
                0x00200000                PROM_END=(PROM_START+PROM_SIZE)
                0x02000000                RAM_START=0x2000000
                0x02400000                RAM_END=(RAM_START+RAM_SIZE)

.text           0x02000000    0x32c50
 CREATE_OBJECT_SYMBOLS
                0x02000000                text_start=.
 *(.text)
 .text          0x02000000     0x1384 /usr/local/openravenscar/sparc-ork-elf/lib/ada_crt0.o
                0x020011bc                __exit
                0x02000000                trap_table
                0x02000000                start
                0x020011bc                _exit
 .text          0x02001384      0x24c b~main.o
                0x020015b8                ada_main___elabb
                0x02001384                adainit
                0x02001538                main
                0x0200151c                adafinal
 .text          0x020015d0       0x1c ./main.o
                0x020015d0                _ada_main
 .text          0x020015ec      0x118 ./scenario_v1.o
                0x020015ec                scenario_v1___elabs
 .text          0x02001704     0x4aa8 ./devicesfss_v1.o
                0x020033c8                devicesfss_v1___init_proc__6
                0x020047ac                devicesfss_v1___init_proc__9
                0x02001d38                devicesfss_v1__read_light_intensity
                0x020055ec                devicesfss_v1__display_altitude
                0x0200341c                devicesfss_v1__read_pilotbutton
                0x02005d84                devicesfss_v1__display_cronometro
                0x02002854                devicesfss_v1___init_proc__4
                0x020059c0                devicesfss_v1__display_joystick
                0x020051dc                devicesfss_v1__light_1
                0x0200404c                devicesfss_v1__read_altitude
                0x02005704                devicesfss_v1__display_distance
                0x020047ec                devicesfss_v1__read_pitch
                0x020022ac                devicesfss_v1___init_proc__3
                0x02004004                devicesfss_v1___init_proc__8
                0x02005c74                devicesfss_v1__display_message
                0x02001764                devicesfss_v1__read_distance
                0x020058a8                devicesfss_v1__display_light_intensity
                0x02005934                devicesfss_v1__display_pilot_power
                0x020028b4                devicesfss_v1__read_power
                0x020039a8                devicesfss_v1__read_speed
                0x0200581c                devicesfss_v1__display_roll
                0x02005b8c                devicesfss_v1__display_pilot_button
                0x02004de4                devicesfss_v1__read_roll
                0x020060f4                devicesfss_v1___elabb
                0x02003968                devicesfss_v1___init_proc__7
                0x02001cd8                devicesfss_v1___init_proc__2
                0x0200528c                devicesfss_v1__light_2
                0x02002e7c                devicesfss_v1__read_pilotpresence
                0x02004814                devicesfss_v1__set_aircraft_pitch
                0x02005678                devicesfss_v1__display_speed
                0x02004e0c                devicesfss_v1__set_aircraft_roll
                0x0200230c                devicesfss_v1__read_joystick
                0x0200536c                devicesfss_v1__alarm
                0x02005aa4                devicesfss_v1__display_pilot_presence
                0x020039d0                devicesfss_v1__set_speed
                0x02005790                devicesfss_v1__display_pitch
                0x02002e28                devicesfss_v1___init_proc__5
                0x02004da4                devicesfss_v1___init_proc__10
                0x02001704                devicesfss_v1___init_proc
 .text          0x020061ac      0x9a8 ./workload.o
                0x020061ac                workload___elabs
                0x020065ac                workload__small_whetstone
                0x02006b3c                workload___elabb
 .text          0x02006b54      0xd08 ./tools.o
                0x0200782c                tools___elabb
                0x020077b8                tools__execution_time
                0x02007710                tools__finish_activity
                0x020075c0                tools__print_a_string
                0x02006e40                tools__print_chrono
                0x02007668                tools__start_activity
                0x02006b54                tools___elabs
                0x02007268                tools__print_an_integer
                0x02007420                tools__print_a_float
                0x02006ba0                tools__current_time
 .text          0x0200785c     0x3230 ./fss.o
                0x02007898                fss___init_proc
                0x0200785c                fss__background
                0x02009208                fss___init_proc__3
                0x0200a868                fss___elabb
                0x0200918c                fss___init_proc__2
                0x02009284                fss___init_proc__4
 .text          0x0200aa8c      0x5e4 /usr/local/openravenscar/lib/gcc-lib/sparc-ork-elf/2.8.1/adalib/libgnarl.a(a-reatim.o)
                0x0200aab8                ada__real_time__Oadd__2
                0x0200ac8c                ada__real_time__split
                0x0200aaa8                ada__real_time__Oadd
                0x0200ab08                ada__real_time__Osubtract__4
                0x0200ac0c                ada__real_time__nanoseconds
                0x0200ab78                ada__real_time__Odivide__2
                0x0200ab34                ada__real_time__Odivide
                0x0200aae8                ada__real_time__Osubtract__2
                0x0200abfc                ada__real_time__to_duration
                0x0200afa4                ada__real_time__time_of
                0x0200aac8                ada__real_time__Oadd__3
                0x0200ac5c                ada__real_time__milliseconds
                0x0200aa8c                ada__real_time__clock
                0x0200ac30                ada__real_time__microseconds
                0x0200aad8                ada__real_time__Osubtract
                0x0200aaf8                ada__real_time__Osubtract__3
                0x0200ac04                ada__real_time__to_time_span
                0x0200abd0                ada__real_time__Omultiply__2
                0x0200aba4                ada__real_time__Omultiply
 .text          0x0200b070       0x68 /usr/local/openravenscar/lib/gcc-lib/sparc-ork-elf/2.8.1/adalib/libgnarl.a(a-retide.o)
                0x0200b0b4                ada__real_time__delays__to_duration
                0x0200b070                ada__real_time__delays__delay_until
 .text          0x0200b0d8      0x10c /usr/local/openravenscar/lib/gcc-lib/sparc-ork-elf/2.8.1/adalib/libgnarl.a(s-taprob.o)
                0x0200b1c4                system__tasking__protected_objects___init_proc
                0x0200b194                system__tasking__protected_objects__unlock
                0x0200b104                system__tasking__protected_objects__lock
                0x0200b1d0                system__tasking__protected_objects___init_proc__2
                0x0200b0d8                system__tasking__protected_objects__initialize_protection
                0x0200b14c                system__tasking__protected_objects__lock_read_only
                0x0200b1ac                system__tasking__protected_objects__finalize_protection
 .text          0x0200b1e4      0x978 /usr/local/openravenscar/lib/gcc-lib/sparc-ork-elf/2.8.1/adalib/libgnarl.a(s-taprop.o)
                0x0200b464                system__task_primitives__operations__get_priority
                0x0200b2dc                system__task_primitives__operations__unlock__2
                0x0200b63c                system__task_primitives__operations__check_no_locks
                0x0200b260                system__task_primitives__operations__write_lock
                0x0200b69c                system__task_primitives__operations__resume_task
                0x0200b71c                system__task_primitives__operations___elabb
                0x0200b3a8                system__task_primitives__operations__clock
                0x0200b27c                system__task_primitives__operations__write_lock__2
                0x0200b21c                system__task_primitives__operations__get_thread_id
                0x0200b330                system__task_primitives__operations__timed_delay
                0x0200b444                system__task_primitives__operations__set_priority
                0x0200b30c                system__task_primitives__operations__timed_sleep
                0x0200b200                system__task_primitives__operations__self
                0x0200b2f4                system__task_primitives__operations__sleep
                0x0200b620                system__task_primitives__operations__set_exit_task_procedure
                0x0200b2c8                system__task_primitives__operations__unlock
                0x0200b654                system__task_primitives__operations__environment_task
                0x0200b228                system__task_primitives__operations__initialize_lock
                0x0200b950                system__task_primitives__operations___init_proc
                0x0200b604                system__task_primitives__operations__exit_task
                0x0200b3cc                system__task_primitives__operations__wakeup
                0x0200b1e4                system__task_primitives__operations__set
                0x0200b62c                system__task_primitives__operations__abort_task
                0x0200b660                system__task_primitives__operations__lock_all_tasks_list
                0x0200b294                system__task_primitives__operations__write_lock__3
                0x0200b5f4                system__task_primitives__operations__finalize_tcb
                0x0200b4e0                system__task_primitives__operations__new_atcb
                0x0200b694                system__task_primitives__operations__suspend_task
                0x0200b3e0                system__task_primitives__operations__yield
                0x0200b67c                system__task_primitives__operations__unlock_all_tasks_list
                0x0200b6a4                system__task_primitives__operations__initialize
                0x0200b634                system__task_primitives__operations__check_exit
                0x0200b558                system__task_primitives__operations__initialize_tcb
                0x0200b214                system__task_primitives__operations__stack_guard
                0x0200b258                system__task_primitives__operations__finalize_lock
                0x0200b5fc                system__task_primitives__operations__default_exit_task_procedure
                0x0200b594                system__task_primitives__operations__create_task
                0x0200b240                system__task_primitives__operations__initialize_lock__2
                0x0200b2ac                system__task_primitives__operations__read_lock
                0x0200b47c                system__task_primitives__operations__enter_task
 .text          0x0200bb5c      0x924 /usr/local/openravenscar/lib/gcc-lib/sparc-ork-elf/2.8.1/adalib/libgnarl.a(s-tarest.o)
                0x0200bdd0                system__tasking__restricted__stages__create_restricted_task
                0x0200c2d0                system__tasking__restricted__stages__restricted_terminated
                0x0200bfe0                system__tasking__restricted__stages__activate_restricted_tasks
                0x0200c1a0                system__tasking__restricted__stages__complete_restricted_activation
                0x0200c2e4                system__tasking__restricted__stages__finalize_global_tasks
                0x0200c338                system__tasking__restricted__stages___elabb
                0x0200c270                system__tasking__restricted__stages__complete_restricted_task
 .text          0x0200c480      0xf44 /usr/local/openravenscar/lib/gcc-lib/sparc-ork-elf/2.8.1/adalib/libgnarl.a(s-tasdeb.o)
                0x0200d0f8                system__tasking__debug__image
                0x0200d39c                system__tasking__debug___init_proc__2
                0x0200cdd4                system__tasking__debug__print_current_task
                0x0200d048                system__tasking__debug__trace__2
                0x0200c480                system__tasking__debug___elabs
                0x0200cdf0                system__tasking__debug__list_tasks
                0x0200d2a0                system__tasking__debug__resume_all_tasks
                0x0200c4f8                system__tasking__debug__set_user_state
                0x0200cc20                system__tasking__debug__print_task_info_header
                0x0200d35c                system__tasking__debug___init_proc
                0x0200c4e4                system__tasking__debug__self
                0x0200d2d8                system__tasking__debug___elabb
                0x0200ce30                system__tasking__debug__print_accept_info
                0x0200d0e4                system__tasking__debug__set_trace
                0x0200cef4                system__tasking__debug__trace
                0x0200d07c                system__tasking__debug__trace__3
                0x0200d0b0                system__tasking__debug__trace__4
                0x0200c7e0                system__tasking__debug__print_task_info
                0x0200c4dc                system__tasking__debug__task_termination_hook
                0x0200c4d4                system__tasking__debug__task_creation_hook
                0x0200d268                system__tasking__debug__suspend_all_tasks
 .text          0x0200d3c4      0x75c /usr/local/openravenscar/lib/gcc-lib/sparc-ork-elf/2.8.1/adalib/libgnarl.a(s-taskin.o)
                0x0200d7d8                system__tasking___init_proc__3
                0x0200da80                system__tasking___init_proc__8
                0x0200da40                system__tasking___init_proc__7
                0x0200d3c4                system__tasking__self
                0x0200d7a0                system__tasking___init_proc__2
                0x0200d500                system__tasking___elabb
                0x0200d854                system__tasking___init_proc__4
                0x0200da8c                system__tasking___init_proc__9
                0x0200d74c                system__tasking___init_proc
                0x0200d8a8                system__tasking___init_proc__6
                0x0200d3d8                system__tasking__initialize_atcb
                0x0200d860                system__tasking___init_proc__5
 .text          0x0200db20       0x14 /usr/local/openravenscar/lib/gcc-lib/sparc-ork-elf/2.8.1/adalib/libgnarl.a(s-taspri.o)
                0x0200db20                system__task_primitives___init_proc
 .text          0x0200db34      0x1f0 /usr/local/openravenscar/lib/gcc-lib/sparc-ork-elf/2.8.1/adalib/libgnarl.a(kernel-interrupts.o)
                0x0200dbfc                kernel_detach_interrupt_handler
                0x0200dc44                kernel__interrupts___elabb
                0x0200db34                kernel__interrupts__null_handler
                0x0200db3c                kernel__interrupts__wrapper
                0x0200dc24                kernel_current_interrupt_handler
                0x0200db9c                kernel_attach_interrupt_handler
                0x0200dcc8                kernel__interrupts___init_proc__2
                0x0200dcb0                kernel__interrupts___init_proc
 .text          0x0200dd24      0x5dc /usr/local/openravenscar/lib/gcc-lib/sparc-ork-elf/2.8.1/adalib/libgnarl.a(kernel-threads.o)
                0x0200dd24                kernel__threads___elabs
                0x0200e2c4                kernel__threads___init_proc__3
                0x0200df94                kernel_yield
                0x0200e094                kernel_check_no_mutexes
                0x0200e0a4                kernel_condition_init
                0x0200def4                kernel__threads__set_active_priority
                0x0200dea8                kernel_set_priority
                0x0200e168                kernel_condition_signal
                0x0200e1c8                kernel_thread_create
                0x0200ddb0                kernel__threads__default_dummy_task_function
                0x0200e290                kernel_thread_self
                0x0200dd60                kernel__threads__thread_caller
                0x0200e0ac                kernel_condition_wait
                0x0200ddc0                kernel_initialize
                0x0200e034                kernel_mutex_unlock
                0x0200dfdc                kernel_mutex_lock
                0x0200dfd0                kernel_mutex_init
                0x0200e2a0                kernel__threads___elabb
                0x0200e2b0                kernel__threads___init_proc
                0x0200e2bc                kernel__threads___init_proc__2
                0x0200df78                kernel_get_priority
 .text          0x0200e300       0x28 /usr/local/openravenscar/lib/gcc-lib/sparc-ork-elf/2.8.1/adalib/libgnarl.a(kernel-threads-atcb.o)
                0x0200e318                kernel__threads__atcb___elabb
                0x0200e308                kernel__threads__atcb__thread_self_atcb
                0x0200e300                kernel__threads__atcb__set_atcb
 .text          0x0200e328      0x478 /usr/local/openravenscar/lib/gcc-lib/sparc-ork-elf/2.8.1/adalib/libgnarl.a(kernel-threads-queues.o)
                0x0200e540                kernel__threads__queues__insert_alarm
                0x0200e3e4                kernel__threads__queues__insert_at_tail
                0x0200e340                kernel__threads__queues__insert_at_head
                0x0200e60c                kernel__threads__queues__extract_first_alarm
                0x0200e4f4                kernel__threads__queues__get_new_thread_descriptor
                0x0200e710                kernel__threads__queues___init_proc
                0x0200e488                kernel__threads__queues__extract_from_ready
                0x0200e638                kernel__threads__queues__get_next_alarm_time
                0x0200e66c                kernel__threads__queues___elabb
                0x0200e4d0                kernel__threads__queues__next_running
                0x0200e334                kernel__threads__queues__environment_thread_id
                0x0200e328                kernel__threads__queues__dummy_thread_id
 .text          0x0200e7a0      0x108 /usr/local/openravenscar/lib/gcc-lib/sparc-ork-elf/2.8.1/adalib/libgnarl.a(kernel-threads-protection.o)
                0x0200e7c4                kernel__threads__protection__leave_kernel
                0x0200e7a0                kernel__threads__protection__dispatch
                0x0200e898                kernel__threads__protection___elabb
                0x0200e7b0                kernel__threads__protection__enter_kernel
 .text          0x0200e8a8      0x3c4 /usr/local/openravenscar/lib/gcc-lib/sparc-ork-elf/2.8.1/adalib/libgnarl.a(kernel-time.o)
                0x0200e960                kernel_delay_until
                0x0200e8a8                kernel_clock
                0x0200ec2c                kernel__time___elabb
 .text          0x0200ec6c       0x9c /usr/local/openravenscar/lib/gcc-lib/sparc-ork-elf/2.8.1/adalib/libgnarl.a(kernel-memory.o)
                0x0200ecc8                kernel__memory___elabb
                0x0200ec74                kernel_new_stack
                0x0200ec6c                kernel_new_memory_region
 .text          0x0200ed08       0x88 /usr/local/openravenscar/lib/gcc-lib/sparc-ork-elf/2.8.1/adalib/libgnarl.a(kernel-cpu_primitives.o)
                0x0200ed08                kernel__cpu_primitives__context_switch
                0x0200ed14                kernel__cpu_primitives__initialize_context
                0x0200ed80                kernel__cpu_primitives___elabb
 .text          0x0200ed90       0x44 /usr/local/openravenscar/lib/gcc-lib/sparc-ork-elf/2.8.1/adalib/libgnarl.a(kernel-peripherals-registers.o)
                0x0200ed90                kernel__peripherals__registers___elabs
 .text          0x0200edd4      0x6ac /usr/local/openravenscar/lib/gcc-lib/sparc-ork-elf/2.8.1/adalib/libgnarl.a(kernel-peripherals.o)
                0x0200ede4                kernel__peripherals__stop_watch_dog
                0x0200edd4                kernel__peripherals__to_vector
                0x0200ee00                kernel__peripherals__init_clock
                0x0200f3cc                kernel__peripherals___elabb
                0x0200eee4                kernel__peripherals__cancel_and_set_alarm
                0x0200eec0                kernel__peripherals__init_board
                0x0200eef8                kernel__peripherals__set_alarm
                0x0200f06c                kernel__peripherals__read_clock
                0x0200f0dc                kernel__peripherals__clear_alarm_interrupt
                0x0200f30c                kernel__peripherals__uart_send
                0x0200f0e4                kernel__peripherals__clear_clock_interrupt
                0x0200f220                kernel__peripherals__init_uart
                0x0200edf8                kernel__peripherals__memory_configuration
                0x0200f0ec                kernel__peripherals__protect_segment
                0x0200eddc                kernel__peripherals__priority_of_interrupt
 .text          0x0200f480       0xe4 /usr/local/openravenscar/lib/gcc-lib/sparc-ork-elf/2.8.1/adalib/libgnarl.a(kernel-serial_output.o)
                0x0200f4d8                kernel_new_line
                0x0200f4ec                kernel_put_line_c
                0x0200f498                kernel__serial_output__put__2
                0x0200f480                kernel_put_c
                0x0200f508                kernel__serial_output__put_line__2
                0x0200f538                kernel__serial_output___elabb
 .text          0x0200f564      0x2dc /usr/local/openravenscar/lib/gcc-lib/sparc-ork-elf/2.8.1/adalib/libgnarl.a(context.o)
                0x0200f838                exit_from_context_switch
                0x0200f564                context_switch
                0x0200f570                context_trap
 .text          0x0200f840      0x60c /usr/local/openravenscar/lib/gcc-lib/sparc-ork-elf/2.8.1/adalib/libgnarl.a(install_handler.o)
                0x0200f8f8                set_next_running
                0x0200f840                enable_traps
                0x0200f8a4                install_trap_handler
                0x0200f854                install_int_handler
 .text          0x0200fe4c       0x34 /usr/local/openravenscar/lib/gcc-lib/sparc-ork-elf/2.8.1/adalib/libgnarl.a(int_level.o)
                0x0200fe4c                disable_interrupts
                0x0200fe64                enable_interrupts
 .text          0x0200fe80     0x25c0 /usr/local/openravenscar/lib/gcc-lib/sparc-ork-elf/2.8.1/adalib/libgnat.a(a-except.o)
                0x020116e8                ada__exceptions__sdp_table_sort_move
                0x02011848                ada__exceptions__string_to_eid
                0x02010f04                __gnat_raise_nodefer_with_msg
                0x020100b0                ada__exceptions__current_target_exception
                0x0201107c                ada__exceptions__raise_from_signal_handler
                0x0200ff00                ada__exceptions__address_image
                0x02011300                ada__exceptions__save_occurrence
                0x02011ee4                __gnat_notify_exception
                0x02010bc4                ada__exceptions__propagate_exception
                0x02010a38                ada__exceptions__exception_name_simple
                0x02011254                __gnat_reraise
                0x02010fe4                __gnat_raise_exception
                0x0200fe80                ada__exceptions___elabs
                0x02010008                __gnat_break_start
                0x0200fff4                ada__exceptions__allocate_machine_state
                0x020100d4                ada__exceptions__deallocate_machine_state
                0x02010388                ada__exceptions__exception_information
                0x020111b4                __gnat_raise_storage_error
                0x02010144                ada__exceptions__eo_to_string
                0x0201164c                ada__exceptions__sdp_table_sort_lt
                0x02012358                ada__exceptions__raise_exception_no_defer
                0x02010944                ada__exceptions__exception_name__2
                0x02012400                ada__exceptions__zzz
                0x0200fef0                ada__exceptions__poll
                0x020111d4                ada__exceptions__raise_with_c_msg
                0x02011f78                ada__exceptions__unhandled_exception_terminate
                0x020100e8                ada__exceptions__eid_to_string
                0x02011394                ada__exceptions__save_occurrence__2
                0x02011140                ada__exceptions__raise_with_location
                0x02011118                ada__exceptions__raise_no_msg
                0x02010880                ada__exceptions__exception_message
                0x02011718                ada__exceptions__set_exception_c_msg
                0x02011970                ada__exceptions__string_to_eo
                0x02011174                __gnat_raise_constraint_error
                0x0201128c                ada__exceptions__reraise_occurrence
                0x02012408                ada__exceptions___elabb
                0x02012430                ada__exceptions___init_proc
                0x02010a08                ada__exceptions__exception_name
                0x0200fef8                ada__exceptions__aaa
                0x020112d4                ada__exceptions__reraise_occurrence_no_defer
                0x020101a4                ada__exceptions__exception_identity
                0x020113c0                __gnat_SDP_Table_Build
                0x02011edc                __gnat_unhandled_exception
                0x02010010                ada__exceptions__call_chain
                0x02011208                __gnat_raise_with_msg
                0x02011194                __gnat_raise_program_error
 .text          0x02012440      0x2ec /usr/local/openravenscar/lib/gcc-lib/sparc-ork-elf/2.8.1/adalib/libgnat.a(a-filico.o)
                0x0201248c                ada__finalization__list_controller___deep_finalize__2
                0x020126f8                ada__finalization__list_controller___init_proc__2
                0x020126bc                ada__finalization__list_controller__finalize
                0x0201247c                ada__finalization__list_controller___size__2
                0x020126d4                ada__finalization__list_controller___init_proc
                0x02012688                ada__finalization__list_controller__finalize__2
                0x020124b8                ada__finalization__list_controller___elabs
                0x02012440                ada__finalization__list_controller___size
                0x02012670                ada__finalization__list_controller__initialize__2
                0x02012450                ada__finalization__list_controller___deep_finalize
 .text          0x0201272c      0x560 /usr/local/openravenscar/lib/gcc-lib/sparc-ork-elf/2.8.1/adalib/libgnat.a(a-finali.o)
                0x0201298c                ada__finalization___size__4
                0x02012c0c                ada__finalization__initialize
                0x02012c24                ada__finalization__Oeq__2
                0x02012c4c                ada__finalization___init_proc
                0x02012754                ada__finalization___write__3
                0x02012c44                ada__finalization__finalize__2
                0x0201272c                ada__finalization___size__3
                0x0201273c                ada__finalization___read__3
                0x02012c14                ada__finalization__adjust
                0x02012c6c                ada__finalization___init_proc__2
                0x020129c8                ada__finalization___elabs
                0x02012c1c                ada__finalization__finalize
                0x02012938                ada__finalization___deep_adjust
                0x02012c3c                ada__finalization__initialize__2
                0x0201276c                ada__finalization___assign__3
                0x02012960                ada__finalization___deep_finalize
                0x0201299c                ada__finalization___deep_finalize__2
 .text          0x02012c8c       0x6c /usr/local/openravenscar/lib/gcc-lib/sparc-ork-elf/2.8.1/adalib/libgnat.a(a-ioexce.o)
                0x02012c8c                ada__io_exceptions___elabs
 .text          0x02012cf8     0x1e98 /usr/local/openravenscar/lib/gcc-lib/sparc-ork-elf/2.8.1/adalib/libgnat.a(a-nuelfu.o)
                0x020147b4                ada__numerics__elementary_functions__sinh
                0x0201363c                ada__numerics__elementary_functions__arcsin
                0x02013424                ada__numerics__elementary_functions__arccosh
                0x02013868                ada__numerics__elementary_functions__arcsinh
                0x02012cf8                ada__numerics__elementary_functions__Oexpon
                0x02013538                ada__numerics__elementary_functions__arccoth
                0x0201351c                ada__numerics__elementary_functions__arccot__2
                0x02013710                ada__numerics__elementary_functions__arcsin__2
                0x02013a98                ada__numerics__elementary_functions__arctan__2
                0x020132b8                ada__numerics__elementary_functions__arccos__2
                0x02013d98                ada__numerics__elementary_functions__cos
                0x020148c0                ada__numerics__elementary_functions__sqrt
                0x020149cc                ada__numerics__elementary_functions__tan__2
                0x020146b8                ada__numerics__elementary_functions__sin__2
                0x02014548                ada__numerics__elementary_functions__log__2
                0x02013f9c                ada__numerics__elementary_functions__cot__2
                0x02014afc                ada__numerics__elementary_functions__tanh
                0x02014104                ada__numerics__elementary_functions__coth
                0x0201448c                ada__numerics__elementary_functions__log
                0x02013e48                ada__numerics__elementary_functions__cosh
                0x02013504                ada__numerics__elementary_functions__arccot
                0x02013988                ada__numerics__elementary_functions__arctan
                0x02014670                ada__numerics__elementary_functions__sin
                0x020131b8                ada__numerics__elementary_functions__arccos
                0x02013e04                ada__numerics__elementary_functions__cos__2
                0x02014944                ada__numerics__elementary_functions__tan
                0x020141f8                ada__numerics__elementary_functions__exp
                0x02013ef4                ada__numerics__elementary_functions__cot
                0x02013c0c                ada__numerics__elementary_functions__arctanh
 .text          0x02014b90       0x18 /usr/local/openravenscar/lib/gcc-lib/sparc-ork-elf/2.8.1/adalib/libgnat.a(a-numeri.o)
                0x02014b90                ada__numerics___elabs
 .text          0x02014ba8       0xc0 /usr/local/openravenscar/lib/gcc-lib/sparc-ork-elf/2.8.1/adalib/libgnat.a(a-stream.o)
                0x02014bc0                ada__streams___elabs
                0x02014bb8                ada__streams___deep_finalize
                0x02014ba8                ada__streams___size
                0x02014c58                ada__streams___init_proc
 .text          0x02014c68      0x934 /usr/local/openravenscar/lib/gcc-lib/sparc-ork-elf/2.8.1/adalib/libgnat.a(a-tags.o)
                0x020152d0                ada__tags__length
                0x0201553c                ada__tags___init_proc
                0x02014ddc                ada__tags__external_tag_htable__removeXn
                0x020153f4                ada__tags__get_rc_offset
                0x02015510                ada__tags__set_remotely_callable
                0x020154d8                ada__tags__set_prim_op_address
                0x020154b8                ada__tags__register_tag
                0x02015458                ada__tags__inherit_tsd
                0x02014c68                ada__tags___elabs
                0x020153d0                ada__tags__get_expanded_name
                0x020154ec                ada__tags__set_expanded_name
                0x02015400                ada__tags__get_remotely_callable
                0x02014ff8                ada__tags__expanded_name
                0x02014c80                ada__tags__external_tag_htable__getXn
                0x020153e8                ada__tags__get_inheritance_depth
                0x02015418                ada__tags__get_tsd
                0x02014ed4                ada__tags__external_tag_htable__setXn
                0x02015390                ada__tags__cw_membership
                0x02015420                ada__tags__inherit_dt
                0x02014d28                ada__tags__external_tag_htable__get_nextXn
                0x02015100                ada__tags__get_external_tag
                0x02015124                ada__tags__internal_tag
                0x02015544                ada__tags___init_proc__2
                0x0201532c                ada__tags___elabb
                0x020154e4                ada__tags__set_tsd
                0x020154f8                ada__tags__set_external_tag
                0x02014f48                ada__tags__get_ht_link
                0x02015304                ada__tags__parent_size
                0x02014f10                ada__tags__equal
                0x02014cf4                ada__tags__external_tag_htable__get_firstXn
                0x020154cc                ada__tags__set_inheritance_depth
                0x0201507c                ada__tags__external_tag
                0x02014d64                ada__tags__external_tag_htable__get_non_nullXn
                0x020153dc                ada__tags__get_prim_op_address
                0x02015504                ada__tags__set_rc_offset
                0x02014fb4                ada__tags__hash
                0x02014e94                ada__tags__external_tag_htable__resetXn
                0x02014fec                ada__tags__set_ht_link
                0x02015550                ada__tags__external_tag_htable___init_procXn
 .text          0x0201559c      0x25c /usr/local/openravenscar/lib/gcc-lib/sparc-ork-elf/2.8.1/adalib/libgnat.a(g-except.o)
                0x020156e8                gnat__exceptions___deep_finalize
                0x020155b4                gnat__exceptions___write
                0x020155f0                gnat__exceptions___output
                0x02015610                gnat__exceptions___assign
                0x020155bc                gnat__exceptions___input
                0x020156f0                gnat__exceptions___elabs
                0x020155ac                gnat__exceptions___read
                0x0201559c                gnat__exceptions___size
                0x020157e8                gnat__exceptions___init_proc
                0x02015608                gnat__exceptions__Oeq
                0x020156e0                gnat__exceptions___deep_adjust
 .text          0x020157f8      0x174 /usr/local/openravenscar/lib/gcc-lib/sparc-ork-elf/2.8.1/adalib/libgnat.a(g-hesora.o)
                0x020158c8                gnat__heap_sort_a__sort
 .text          0x0201596c      0xc6c /usr/local/openravenscar/lib/gcc-lib/sparc-ork-elf/2.8.1/adalib/libgnat.a(i-c.o)
                0x0201627c                interfaces__c__to_c__4
                0x02015dbc                interfaces__c__to_ada__6
                0x020159d0                interfaces__c__is_nul_terminated__2
                0x02015a20                interfaces__c__to_ada
                0x02015a28                interfaces__c__to_ada__2
                0x02015ee4                interfaces__c__to_c
                0x02015984                interfaces__c__is_nul_terminated
                0x02016430                interfaces__c__to_c__6
                0x02015b5c                interfaces__c__to_ada__3
                0x0201596c                interfaces__c___elabs
                0x020160e4                interfaces__c__to_c__3
                0x02015c7c                interfaces__c__to_ada__5
                0x02016284                interfaces__c__to_c__5
                0x02015eec                interfaces__c__to_c__2
                0x02015c74                interfaces__c__to_ada__4
 .text          0x020165d8     0x13b4 /usr/local/openravenscar/lib/gcc-lib/sparc-ork-elf/2.8.1/adalib/libgnat.a(s-arit64.o)
                0x02016714                system__arith_64__hi
                0x02016cbc                system__arith_64__scaled_divide
                0x02016c8c                system__arith_64__raise_error
                0x0201668c                system__arith_64__Odivide
                0x02016600                system__arith_64__Oadd__2
                0x020178b8                system__arith_64__subtract_with_ovflo_check
                0x02016630                system__arith_64__Omultiply
                0x02016724                system__arith_64__lo
                0x02016660                system__arith_64__Omultiply__2
                0x02016798                system__arith_64__double_divide
                0x02016a88                system__arith_64__multiply_with_ovflo_check
                0x0201796c                system__arith_64__to_pos_int
                0x020165d8                system__arith_64__Oadd
                0x020166e4                system__arith_64__Oconcat
                0x02017934                system__arith_64__to_neg_int
                0x020166b8                system__arith_64__Orem
                0x0201672c                system__arith_64__add_with_ovflo_check
                0x02016618                system__arith_64__Osubtract
 .text          0x0201798c      0x16c /usr/local/openravenscar/lib/gcc-lib/sparc-ork-elf/2.8.1/adalib/libgnat.a(s-except.o)
                0x020179b0                system__exceptions___init_proc
                0x0201798c                system__exceptions___elabs
                0x02017a58                system__exceptions___init_proc__4
                0x020179f8                system__exceptions___init_proc__3
                0x02017a98                system__exceptions___init_proc__5
                0x020179b8                system__exceptions___init_proc__2
 .text          0x02017af8      0x54c /usr/local/openravenscar/lib/gcc-lib/sparc-ork-elf/2.8.1/adalib/libgnat.a(s-exctab.o)
                0x02017e0c                system__exception_table__get_key
                0x02017ba0                system__exception_table__exception_htable__get_nextXn
                0x02017dd4                system__exception_table__equal
                0x02017d4c                system__exception_table__exception_htable__setXn
                0x02017ff8                system__exception_table__exception_htable___init_procXn
                0x02017af8                system__exception_table__exception_htable__getXn
                0x02017d90                system__exception_table__get_ht_link
                0x02017d0c                system__exception_table__exception_htable__resetXn
                0x02017d88                system__exception_table__set_ht_link
                0x02017e14                system__exception_table__internal_exception
                0x02017bdc                system__exception_table__exception_htable__get_non_nullXn
                0x02017d98                system__exception_table__hash
                0x02017b6c                system__exception_table__exception_htable__get_firstXn
                0x02017f48                system__exception_table___elabb
                0x02017f34                system__exception_table__register_exception
                0x02017c54                system__exception_table__exception_htable__removeXn
 .text          0x02018044      0x1c4 /usr/local/openravenscar/lib/gcc-lib/sparc-ork-elf/2.8.1/adalib/libgnat.a(s-exnflt.o)
                0x02018044                system__exn_flt__exn_float
 .text          0x02018208      0xb2c /usr/local/openravenscar/lib/gcc-lib/sparc-ork-elf/2.8.1/adalib/libgnat.a(s-fatflt.o)
                0x02018bbc                system__fat_flt__fat_float__truncation
                0x0201834c                system__fat_flt__fat_float__decompose
                0x020186e0                system__fat_flt__fat_float__model
                0x020185e8                system__fat_flt__fat_float__floor
                0x020186f4                system__fat_flt__fat_float__pred
                0x020189bc                system__fat_flt__fat_float__scaling
                0x02018670                system__fat_flt__fat_float__leading_part
                0x02018c6c                system__fat_flt__fat_float__unbiased_rounding
                0x02018260                system__fat_flt__fat_float__ceiling
                0x020182c0                system__fat_flt__fat_float__compose
                0x020185c0                system__fat_flt__fat_float__exponent
                0x02018648                system__fat_flt__fat_float__fraction
                0x02018538                system__fat_flt__fat_float__gradual_scaling
                0x020187ac                system__fat_flt__fat_float__remainder
                0x02018934                system__fat_flt__fat_float__rounding
                0x02018208                system__fat_flt__fat_float__adjacent
                0x02018ad4                system__fat_flt__fat_float__succ
                0x02018d14                system__fat_flt__fat_float__valid
                0x020182f0                system__fat_flt__fat_float__copy_sign
                0x020186cc                system__fat_flt__fat_float__machine
 .text          0x02018d34     0x13dc /usr/local/openravenscar/lib/gcc-lib/sparc-ork-elf/2.8.1/adalib/libgnat.a(s-finimp.o)
                0x02019f54                system__finalization_implementation__deep_tag_attach
                0x02018f60                system__finalization_implementation___read__2
                0x020195b4                system__finalization_implementation__detach_from_final_list
                0x02018df8                system__finalization_implementation___output
                0x02019a10                system__finalization_implementation__finalize_list
                0x0201902c                system__finalization_implementation__Oeq__2
                0x0201a0e0                system__finalization_implementation___init_proc__2
                0x02018e58                system__finalization_implementation___assign
                0x0201a00c                system__finalization_implementation__initialize__2
                0x02019418                system__finalization_implementation__attach_to_final_list
                0x02019db8                system__finalization_implementation__deep_tag_adjust
                0x02019074                system__finalization_implementation___assign__2
                0x02018e10                system__finalization_implementation__Oeq
                0x02018da0                system__finalization_implementation___input
                0x02018d7c                system__finalization_implementation___write
                0x02019cc8                system__finalization_implementation__deep_tag_initialize
                0x0201a004                system__finalization_implementation__initialize
                0x0201a0bc                system__finalization_implementation___init_proc
                0x02018f84                system__finalization_implementation___write__2
                0x02019174                system__finalization_implementation___elabs
                0x02019014                system__finalization_implementation___output__2
                0x02018fa8                system__finalization_implementation___input__2
                0x02018d44                system__finalization_implementation___read
                0x02019b7c                system__finalization_implementation__finalize_one
                0x02019e84                system__finalization_implementation__deep_tag_finalize
                0x02019b54                system__finalization_implementation__finalize_global_list
                0x0201a0a8                system__finalization_implementation__finalize
                0x02018f50                system__finalization_implementation___size__2
                0x0201a074                system__finalization_implementation__adjust__2
                0x02018d34                system__finalization_implementation___size
 .text          0x0201a110      0x658 /usr/local/openravenscar/lib/gcc-lib/sparc-ork-elf/2.8.1/adalib/libgnat.a(s-finroo.o)
                0x0201a110                system__finalization_root___size
                0x0201a744                system__finalization_root___init_proc__2
                0x0201a120                system__finalization_root___read
                0x0201a458                system__finalization_root___elabs
                0x0201a310                system__finalization_root__Oeq__2
                0x0201a2a0                system__finalization_root___input__2
                0x0201a128                system__finalization_root___write
                0x0201a138                system__finalization_root___assign
                0x0201a704                system__finalization_root__finalize
                0x0201a2f8                system__finalization_root___output__2
                0x0201a6a4                system__finalization_root__initialize
                0x0201a130                system__finalization_root__Oeq
                0x0201a218                system__finalization_root___read__2
                0x0201a270                system__finalization_root___write__2
                0x0201a208                system__finalization_root___size__2
                0x0201a6d4                system__finalization_root__adjust
                0x0201a368                system__finalization_root___assign__2
                0x0201a734                system__finalization_root___init_proc
 .text          0x0201a768      0x1b4 /usr/local/openravenscar/lib/gcc-lib/sparc-ork-elf/2.8.1/adalib/libgnat.a(s-imgint.o)
                0x0201a8a4                system__img_int__set_image_integer
                0x0201a768                system__img_int__image_integer
 .text          0x0201a91c      0xbc8 /usr/local/openravenscar/lib/gcc-lib/sparc-ork-elf/2.8.1/adalib/libgnat.a(s-imgrea.o)
                0x0201a91c                system__img_real__image_ordinary_fixed_point
                0x0201b008                system__img_real__set_image_real
                0x0201a9f0                system__img_real__image_floating_point
 .text          0x0201b4e4      0x160 /usr/local/openravenscar/lib/gcc-lib/sparc-ork-elf/2.8.1/adalib/libgnat.a(s-imguns.o)
                0x0201b4e4                system__img_uns__image_unsigned
                0x0201b604                system__img_uns__set_image_unsigned
 .text          0x0201b644       0x40 /usr/local/openravenscar/lib/gcc-lib/sparc-ork-elf/2.8.1/adalib/libgnat.a(s-mastop.o)
                0x0201b65c                system__machine_state_operations__get_code_loc
                0x0201b644                system__machine_state_operations__allocate_machine_state
                0x0201b67c                system__machine_state_operations__set_signal_machine_state
                0x0201b654                system__machine_state_operations__free_machine_state
                0x0201b664                system__machine_state_operations__machine_state_length
                0x0201b64c                system__machine_state_operations__enter_handler
                0x0201b674                system__machine_state_operations__set_machine_state
                0x0201b66c                system__machine_state_operations__pop_frame
 .text          0x0201b684       0x50 /usr/local/openravenscar/lib/gcc-lib/sparc-ork-elf/2.8.1/adalib/libgnat.a(s-parame.o)
                0x0201b68c                system__parameters__minimum_stack_size
                0x0201b694                system__parameters__adjust_storage_size
                0x0201b684                system__parameters__default_stack_size
 .text          0x0201b6d4      0x314 /usr/local/openravenscar/lib/gcc-lib/sparc-ork-elf/2.8.1/adalib/libgnat.a(s-secsta.o)
                0x0201b9e0                system__secondary_stack___init_proc__2
                0x0201b984                system__secondary_stack___elabb
                0x0201b6d4                system__secondary_stack__ss_allocate
                0x0201b8c8                system__secondary_stack__ss_free
                0x0201b964                system__secondary_stack__ss_release
                0x0201b944                system__secondary_stack__ss_mark
                0x0201b9cc                system__secondary_stack___init_proc
                0x0201b864                system__secondary_stack__ss_init
 .text          0x0201b9e8      0x1fc /usr/local/openravenscar/lib/gcc-lib/sparc-ork-elf/2.8.1/adalib/libgnat.a(s-sopco3.o)
                0x0201b9e8                system__string_ops_concat_3__str_concat_3
 .text          0x0201bbe4      0x1e4 /usr/local/openravenscar/lib/gcc-lib/sparc-ork-elf/2.8.1/adalib/libgnat.a(s-stache.o)
                0x0201bbe4                system__stack_checking___elabs
                0x0201bbfc                _gnat_stack_check
                0x0201bd80                system__stack_checking__set_stack_size
                0x0201bdb8                system__stack_checking___init_proc
                0x0201bc88                system__stack_checking__invalidate_stack_cache
                0x0201bda8                system__stack_checking__update_stack_cache
 .text          0x0201bdc8       0x28 /usr/local/openravenscar/lib/gcc-lib/sparc-ork-elf/2.8.1/adalib/libgnat.a(s-stalib.o)
                0x0201bdc8                system__standard_library__abort_undefer_direct
                0x0201bde4                system__standard_library___init_proc
 .text          0x0201bdf0       0x64 /usr/local/openravenscar/lib/gcc-lib/sparc-ork-elf/2.8.1/adalib/libgnat.a(s-stoele.o)
                0x0201be10                system__storage_elements__Omod
                0x0201be44                system__storage_elements__to_address
                0x0201bdf8                system__storage_elements__Oadd__2
                0x0201be00                system__storage_elements__Osubtract
                0x0201bdf0                system__storage_elements__Oadd
                0x0201be4c                system__storage_elements__to_integer
                0x0201be08                system__storage_elements__Osubtract__2
 .text          0x0201be54     0x102c /usr/local/openravenscar/lib/gcc-lib/sparc-ork-elf/2.8.1/adalib/libgnat.a(s-stratt.o)
                0x0201c56c                system__stream_attributes__i_si
                0x0201c824                system__stream_attributes__w_ad
                0x0201bf5c                system__stream_attributes__i_b
                0x0201c918                system__stream_attributes__w_c
                0x0201c134                system__stream_attributes__i_lf
                0x0201c4e4                system__stream_attributes__i_sf
                0x0201cda0                system__stream_attributes__w_su
                0x0201bfc0                system__stream_attributes__i_c
                0x0201c264                system__stream_attributes__i_llf
                0x0201c6ac                system__stream_attributes__i_su
                0x0201c3b4                system__stream_attributes__i_llu
                0x0201cc9c                system__stream_attributes__w_sf
                0x0201c724                system__stream_attributes__i_u
                0x0201ce3c                system__stream_attributes__w_wc
                0x0201be54                system__stream_attributes__i_ad
                0x0201cde4                system__stream_attributes__w_u
                0x0201cc44                system__stream_attributes__w_lu
                0x0201c8e4                system__stream_attributes__w_b
                0x0201cb4c                system__stream_attributes__w_lli
                0x0201c648                system__stream_attributes__i_ssu
                0x0201c1dc                system__stream_attributes__i_li
                0x0201cd38                system__stream_attributes__w_ssi
                0x0201ccf4                system__stream_attributes__w_si
                0x0201c9fc                system__stream_attributes__w_lf
                0x0201c5e4                system__stream_attributes__i_ssi
                0x0201c024                system__stream_attributes__i_f
                0x0201ca78                system__stream_attributes__w_li
                0x0201c894                system__stream_attributes__w_as
                0x0201c9a4                system__stream_attributes__w_i
                0x0201c0ac                system__stream_attributes__i_i
                0x0201c30c                system__stream_attributes__i_lli
                0x0201c7ac                system__stream_attributes__i_wc
                0x0201cad0                system__stream_attributes__w_llf
                0x0201cd6c                system__stream_attributes__w_ssu
                0x0201becc                system__stream_attributes__i_as
                0x0201c94c                system__stream_attributes__w_f
                0x0201cbc8                system__stream_attributes__w_llu
                0x0201c45c                system__stream_attributes__i_lu
 .text          0x0201ce80      0x5b8 /usr/local/openravenscar/lib/gcc-lib/sparc-ork-elf/2.8.1/adalib/libgnat.a(s-strops.o)
                0x0201d2a4                system__string_ops__str_equal
                0x0201d17c                system__string_ops__str_concat_sc
                0x0201d3b4                system__string_ops__str_normalize
                0x0201ce80                system__string_ops__str_concat
                0x0201d0a0                system__string_ops__str_concat_cs
                0x0201d3f4                system__string_ops__wide_str_normalize
                0x0201d040                system__string_ops__str_concat_cc
 .text          0x0201d438      0x298 /usr/local/openravenscar/lib/gcc-lib/sparc-ork-elf/2.8.1/adalib/libgnat.a(s-soflin.o)
                0x0201d59c                system__soft_links__set_jmpbuf_address_soft
                0x0201d508                system__soft_links__get_stack_info_nt
                0x0201d664                system__soft_links___elabb
                0x0201d4fc                system__soft_links__get_current_excep_nt
                0x0201d60c                system__soft_links__set_exc_stack_addr_soft
                0x0201d438                system__soft_links__abort_defer_nt
                0x0201d46c                system__soft_links__check_abort_status_nt
                0x0201d4b4                system__soft_links__get_sec_stack_addr_nt
                0x0201d4a8                system__soft_links__set_jmpbuf_address_nt
                0x0201d48c                system__soft_links__task_lock_nt
                0x0201d648                system__soft_links__set_machine_state_addr_soft
                0x0201d47c                system__soft_links__current_master_nt
                0x0201d440                system__soft_links__abort_handler_nt
                0x0201d538                system__soft_links__destroy_tsd
                0x0201d5f0                system__soft_links__get_exc_stack_addr_soft
                0x0201d49c                system__soft_links__get_jmpbuf_address_nt
                0x0201d448                system__soft_links__abort_undefer_nt
                0x0201d514                system__soft_links__create_tsd
                0x0201d4d8                system__soft_links__set_machine_state_addr_nt
                0x0201d4c0                system__soft_links__set_sec_stack_addr_nt
                0x0201d450                system__soft_links__update_exception_nt
                0x0201d4f0                system__soft_links__set_exc_stack_addr_nt
                0x0201d6a4                system__soft_links___init_proc
                0x0201d580                system__soft_links__get_jmpbuf_address_soft
                0x0201d484                system__soft_links__enter_master_nt
                0x0201d62c                system__soft_links__get_machine_state_addr_soft
                0x0201d5d4                system__soft_links__set_sec_stack_addr_soft
                0x0201d494                system__soft_links__task_unlock_nt
                0x0201d55c                system__soft_links__get_gnat_exception
                0x0201d5b8                system__soft_links__get_sec_stack_addr_soft
                0x0201d474                system__soft_links__complete_master_nt
                0x0201d4cc                system__soft_links__get_machine_state_addr_nt
                0x0201d4e4                system__soft_links__get_exc_stack_addr_nt
 .text          0x0201d6d0       0x68 /usr/local/openravenscar/lib/gcc-lib/sparc-ork-elf/2.8.1/adalib/libgnat.a(s-traceb.o)
                0x0201d6e4                system__traceback__get_code_loc
                0x0201d70c                system__traceback__pop_frame
                0x0201d6f8                system__traceback__free_machine_state
                0x0201d6d0                system__traceback__allocate_machine_state
                0x0201d724                system__traceback__set_machine_state
 .text          0x0201d738       0xfc /usr/local/openravenscar/lib/gcc-lib/sparc-ork-elf/2.8.1/adalib/libgnat.a(a-argv.o)
                0x0201d800                fill_env
                0x0201d7a4                env_count
                0x0201d7e0                len_env
                0x0201d738                arg_count
                0x0201d744                gnat_argval
                0x0201d770                fill_arg
                0x0201d750                len_arg
 .text          0x0201d834      0x14c /usr/local/openravenscar/lib/gcc-lib/sparc-ork-elf/2.8.1/adalib/libgnat.a(a-cio.o)
                0x0201d854                put_int
                0x0201d870                get_char
                0x0201d834                get_int
                0x0201d960                put_char_stderr
                0x0201d8c0                put_char
 .text          0x0201d980        0xc /usr/local/openravenscar/lib/gcc-lib/sparc-ork-elf/2.8.1/adalib/libgnat.a(a-exit.o)
                0x0201d980                set_gnat_exit_status
 .text          0x0201d98c      0x1f4 /usr/local/openravenscar/lib/gcc-lib/sparc-ork-elf/2.8.1/adalib/libgnat.a(a-raise.o)
                0x0201d98c                _gnat_builtin_longjmp
                0x0201d9e4                __gnat_malloc
                0x0201da9c                __gnat_free
                0x0201d9cc                __gnat_unhandled_terminate
                0x0201dad8                __gnat_realloc
 .text          0x0201db80      0x410 /usr/local/openravenscar/lib/gcc-lib/sparc-ork-elf/2.8.1/adalib/libgnat.a(a-init.o)
                0x0201dd74                __gnat_pop_frame
                0x0201df88                __gnat_init_float
                0x0201db80                __gnat_set_globals
                0x0201df80                __gnat_get_code_loc
                0x0201dbd8                __gnat_initialize
                0x0201dec4                __gnat_enter_handler
                0x0201df78                __gnat_machine_state_length
                0x0201de18                __gnat_set_machine_state
 .text          0x0201df90        0x8 /usr/local/openravenscar/lib/gcc-lib/sparc-ork-elf/2.8.1/adalib/libgnat.a(a-final.o)
                0x0201df90                __gnat_finalize
 .text          0x0201df98      0xc1c /usr/local/openravenscar/lib/gcc-lib/sparc-ork-elf/2.8.1/adalib/libgnat.a(s-fatllf.o)
                0x0201e09c                system__fat_llf__fat_long_long_float__copy_sign
                0x0201e30c                system__fat_llf__fat_long_long_float__gradual_scaling
                0x0201eae0                system__fat_llf__fat_long_long_float__unbiased_rounding
                0x0201e3a4                system__fat_llf__fat_long_long_float__exponent
                0x0201e068                system__fat_llf__fat_long_long_float__compose
                0x0201e3d0                system__fat_llf__fat_long_long_float__floor
                0x0201df98                system__fat_llf__fat_long_long_float__adjacent
                0x0201e4fc                system__fat_llf__fat_long_long_float__pred
                0x0201e43c                system__fat_llf__fat_long_long_float__fraction
                0x0201e5bc                system__fat_llf__fat_long_long_float__remainder
                0x0201e804                system__fat_llf__fat_long_long_float__scaling
                0x0201dffc                system__fat_llf__fat_long_long_float__ceiling
                0x0201e100                system__fat_llf__fat_long_long_float__decompose
                0x0201e92c                system__fat_llf__fat_long_long_float__succ
                0x0201e468                system__fat_llf__fat_long_long_float__leading_part
                0x0201e76c                system__fat_llf__fat_long_long_float__rounding
                0x0201e4e4                system__fat_llf__fat_long_long_float__model
                0x0201eb8c                system__fat_llf__fat_long_long_float__valid
                0x0201ea1c                system__fat_llf__fat_long_long_float__truncation
                0x0201e4d0                system__fat_llf__fat_long_long_float__machine
 .text          0x0201ebb4      0x18c /usr/local/openravenscar/lib/gcc-lib/sparc-ork-elf/2.8.1/adalib/libgnat.a(s-imgllu.o)
                0x0201ebb4                system__img_llu__image_long_long_unsigned
                0x0201ecfc                system__img_llu__set_image_long_long_unsigned
 .text          0x0201ed40      0x894 /usr/local/openravenscar/lib/gcc-lib/sparc-ork-elf/2.8.1/adalib/libgnat.a(a-adaint.o)
                0x0201eed0                get_object_suffix_ptr
                0x0201ee7c                Get_Default_Identifier_Character_Set
                0x0201ee64                Get_Maximum_File_Name_Length
                0x0201ee74                Get_File_Names_Case_Sensitive
                0x0201f0ec                file_time_name
                0x0201ee8c                Get_Pathsep_Char
                0x0201ef6c                open_read
                0x0201ee84                Get_Dirsep_Char
                0x0201f184                is_regular_file
                0x0201ee6c                Get_Switch_Character
                0x0201f338                locate_regular_file
                0x0201f588                to_canonical_file_list_next
                0x0201f5b4                to_host_dir_spec
                0x0201f164                __gnat_file_exists
                0x0201f058                __gnat_mkdir
                0x0201f5ac                to_canonical_path_spec
                0x0201f204                is_writable_file
                0x0201f030                open_new_temp
                0x0201f238                portable_spawn
                0x0201f59c                to_canonical_dir_spec
                0x0201f124                get_env_value_ptr
                0x0201f108                file_time_fd
                0x0201f0e4                readdir_is_thread_safe
                0x0201f008                open_new
                0x0201ed40                to_gm_time
                0x0201edb4                Try_Lock
                0x0201f5a4                to_canonical_file_spec
                0x0201f2f4                portable_wait
                0x0201f580                to_canonical_file_list_init
                0x0201f5cc                convert_addresses
                0x0201ef04                get_executable_suffix_ptr
                0x0201f1c4                is_directory
                0x0201efe0                open_append
                0x0201efb8                open_create
                0x0201ef90                open_rw
                0x0201f070                file_length
                0x0201f0b0                readdir_gnat
                0x0201f5c4                adjust_os_resource_limits
                0x0201f4c4                locate_exec
                0x0201f2b4                portable_no_block_spawn
                0x0201f324                os_exit
                0x0201f158                Get_Libraries_From_Registry
                0x0201f594                to_canonical_file_list_free
                0x0201ee94                Get_Current_Dir
                0x0201f5bc                to_host_file_spec
                0x0201f538                locate_exec_on_path
                0x0201ef38                get_debuggable_suffix_ptr
 .text          0x0201f5d4      0x294 /usr/local/openravenscar/sparc-ork-elf/lib/libm.a(s_atan.o)
                0x0201f5d4                atan
 .text          0x0201f868       0xf0 /usr/local/openravenscar/sparc-ork-elf/lib/libm.a(s_cos.o)
                0x0201f868                cos
 .text          0x0201f958       0x2c /usr/local/openravenscar/sparc-ork-elf/lib/libm.a(s_fabs.o)
                0x0201f958                fabs
 .text          0x0201f984       0xf0 /usr/local/openravenscar/sparc-ork-elf/lib/libm.a(s_sin.o)
                0x0201f984                sin
 .text          0x0201fa74       0x9c /usr/local/openravenscar/sparc-ork-elf/lib/libm.a(s_tan.o)
                0x0201fa74                tan
 .text          0x0201fb10      0x134 /usr/local/openravenscar/sparc-ork-elf/lib/libm.a(s_tanh.o)
                0x0201fb10                tanh
 .text          0x0201fc44       0xf8 /usr/local/openravenscar/sparc-ork-elf/lib/libm.a(w_acos.o)
                0x0201fc44                acos
 .text          0x0201fd3c       0xf8 /usr/local/openravenscar/sparc-ork-elf/lib/libm.a(w_asin.o)
                0x0201fd3c                asin
 .text          0x0201fe34      0x1c0 /usr/local/openravenscar/sparc-ork-elf/lib/libm.a(w_exp.o)
                0x0201fe34                exp
 .text          0x0201fff4      0x184 /usr/local/openravenscar/sparc-ork-elf/lib/libm.a(w_log.o)
                0x0201fff4                log
 .text          0x02020178      0x60c /usr/local/openravenscar/sparc-ork-elf/lib/libm.a(w_pow.o)
                0x02020178                pow
 .text          0x02020784      0x118 /usr/local/openravenscar/sparc-ork-elf/lib/libm.a(w_sqrt.o)
                0x02020784                sqrt
 .text          0x0202089c      0x3ac /usr/local/openravenscar/sparc-ork-elf/lib/libm.a(e_acos.o)
                0x0202089c                __ieee754_acos
 .text          0x02020c48      0x340 /usr/local/openravenscar/sparc-ork-elf/lib/libm.a(e_asin.o)
                0x02020c48                __ieee754_asin
 .text          0x02020f88      0x2f0 /usr/local/openravenscar/sparc-ork-elf/lib/libm.a(e_exp.o)
                0x02020f88                __ieee754_exp
 .text          0x02021278      0x310 /usr/local/openravenscar/sparc-ork-elf/lib/libm.a(e_log.o)
                0x02021278                __ieee754_log
 .text          0x02021588      0x99c /usr/local/openravenscar/sparc-ork-elf/lib/libm.a(e_pow.o)
                0x02021588                __ieee754_pow
 .text          0x02021f24      0x3d8 /usr/local/openravenscar/sparc-ork-elf/lib/libm.a(e_rem_pio2.o)
                0x02021f24                __ieee754_rem_pio2
 .text          0x020222fc      0x264 /usr/local/openravenscar/sparc-ork-elf/lib/libm.a(e_sqrt.o)
                0x020222fc                __ieee754_sqrt
 .text          0x02022560      0x17c /usr/local/openravenscar/sparc-ork-elf/lib/libm.a(k_cos.o)
                0x02022560                __kernel_cos
 .text          0x020226dc      0x838 /usr/local/openravenscar/sparc-ork-elf/lib/libm.a(k_rem_pio2.o)
                0x020226dc                __kernel_rem_pio2
 .text          0x02022f14      0x11c /usr/local/openravenscar/sparc-ork-elf/lib/libm.a(k_sin.o)
                0x02022f14                __kernel_sin
 .text          0x02023030      0x2b4 /usr/local/openravenscar/sparc-ork-elf/lib/libm.a(k_tan.o)
                0x02023030                __kernel_tan
 .text          0x020232e4      0x40c /usr/local/openravenscar/sparc-ork-elf/lib/libm.a(s_expm1.o)
                0x020232e4                expm1
 .text          0x020236f0       0x18 /usr/local/openravenscar/sparc-ork-elf/lib/libm.a(s_finite.o)
                0x020236f0                finite
 .text          0x02023708      0x1a0 /usr/local/openravenscar/sparc-ork-elf/lib/libm.a(s_floor.o)
                0x02023708                floor
 .text          0x020238a8       0x28 /usr/local/openravenscar/sparc-ork-elf/lib/libm.a(s_isnan.o)
                0x020238a8                isnan
 .text          0x020238d0        0x8 /usr/local/openravenscar/sparc-ork-elf/lib/libm.a(s_matherr.o)
                0x020238d0                matherr
 .text          0x020238d8      0x1c8 /usr/local/openravenscar/sparc-ork-elf/lib/libm.a(s_rint.o)
                0x020238d8                rint
 .text          0x02023aa0      0x1d8 /usr/local/openravenscar/sparc-ork-elf/lib/libm.a(s_scalbn.o)
                0x02023aa0                scalbn
 .text          0x02023c78       0x40 /usr/local/openravenscar/sparc-ork-elf/lib/libm.a(s_copysign.o)
                0x02023c78                copysign
 .text          0x02023cb8        0x8 /usr/local/openravenscar/lib/gcc-lib/sparc-ork-elf/2.8.1/libgcc.a(__dummy.o)
                0x02023cb8                __dummy
 .text          0x02023cc0       0x48 /usr/local/openravenscar/lib/gcc-lib/sparc-ork-elf/2.8.1/libgcc.a(_ashldi3.o)
                0x02023cc0                __ashldi3
 .text          0x02023d08       0x38 /usr/local/openravenscar/lib/gcc-lib/sparc-ork-elf/2.8.1/libgcc.a(_cmpdi2.o)
                0x02023d08                __cmpdi2
 .text          0x02023d40      0x3c0 /usr/local/openravenscar/lib/gcc-lib/sparc-ork-elf/2.8.1/libgcc.a(_divdi3.o)
                0x02023d40                __divdi3
 .text          0x02024100      0x1f4 /usr/local/openravenscar/lib/gcc-lib/sparc-ork-elf/2.8.1/libgcc.a(_divsi3.o)
                0x02024100                udiv
                0x0202410c                div
 .text          0x020242f4       0x58 /usr/local/openravenscar/lib/gcc-lib/sparc-ork-elf/2.8.1/libgcc.a(_fixsfdi.o)
                0x020242f4                __fixsfdi
 .text          0x0202434c      0x1c0 /usr/local/openravenscar/lib/gcc-lib/sparc-ork-elf/2.8.1/libgcc.a(_fixunsdfdi.o)
                0x0202434c                __fixunsdfdi
 .text          0x0202450c      0x1c8 /usr/local/openravenscar/lib/gcc-lib/sparc-ork-elf/2.8.1/libgcc.a(_fixunssfdi.o)
                0x0202450c                __fixunssfdi
 .text          0x020246d4       0x54 /usr/local/openravenscar/lib/gcc-lib/sparc-ork-elf/2.8.1/libgcc.a(_floatdidf.o)
                0x020246d4                __floatdidf
 .text          0x02024728       0xa8 /usr/local/openravenscar/lib/gcc-lib/sparc-ork-elf/2.8.1/libgcc.a(_floatdisf.o)
                0x02024728                __floatdisf
 .text          0x020247d0       0x48 /usr/local/openravenscar/lib/gcc-lib/sparc-ork-elf/2.8.1/libgcc.a(_lshrdi3.o)
                0x020247d0                __lshrdi3
 .text          0x02024818      0x1f4 /usr/local/openravenscar/lib/gcc-lib/sparc-ork-elf/2.8.1/libgcc.a(_modsi3.o)
                0x02024818                urem
                0x02024824                rem
 .text          0x02024a0c       0xe0 /usr/local/openravenscar/lib/gcc-lib/sparc-ork-elf/2.8.1/libgcc.a(_muldi3.o)
                0x02024a0c                __muldi3
 .text          0x02024aec       0xe8 /usr/local/openravenscar/lib/gcc-lib/sparc-ork-elf/2.8.1/libgcc.a(_mulsi3.o)
                0x02024aec                umul
 .text          0x02024bd4      0x340 /usr/local/openravenscar/lib/gcc-lib/sparc-ork-elf/2.8.1/libgcc.a(_udivdi3.o)
                0x02024bd4                __udivdi3
 .text          0x02024f14      0x39c /usr/local/openravenscar/lib/gcc-lib/sparc-ork-elf/2.8.1/libgcc.a(_umoddi3.o)
                0x02024f14                __umoddi3
 .text          0x020252b0      0xa48 /usr/local/openravenscar/lib/gcc-lib/sparc-ork-elf/2.8.1/libgcc.a(frame.o)
                0x02025bd4                __frame_state_for
                0x02025b6c                __deregister_frame_info
                0x02025b44                __register_frame_info_table
                0x02025b1c                __register_frame_info
 .text          0x02025cf8       0x20 /usr/local/openravenscar/sparc-ork-elf/lib/libc.a(abort.o)
                0x02025cf8                abort
 .text          0x02025d18       0x1c /usr/local/openravenscar/sparc-ork-elf/lib/libc.a(atoi.o)
                0x02025d18                atoi
 .text          0x02025d34        0xc /usr/local/openravenscar/sparc-ork-elf/lib/libc.a(errno.o)
                0x02025d34                __errno
 .text          0x02025d40       0x8c /usr/local/openravenscar/sparc-ork-elf/lib/libc.a(exit.o)
                0x02025d40                exit
 .text          0x02025dcc       0x90 /usr/local/openravenscar/sparc-ork-elf/lib/libc.a(fputc.o)
                0x02025dcc                fputc
 .text          0x02025e5c       0x40 /usr/local/openravenscar/sparc-ork-elf/lib/libc.a(getenv.o)
                0x02025e7c                getenv
                0x02025e5c                _findenv
 .text          0x02025e9c      0x100 /usr/local/openravenscar/sparc-ork-elf/lib/libc.a(getenv_r.o)
                0x02025e9c                _findenv_r
                0x02025f80                _getenv_r
 .text          0x02025f9c       0x1c /usr/local/openravenscar/sparc-ork-elf/lib/libc.a(gmtime.o)
                0x02025f9c                gmtime
 .text          0x02025fb8       0x20 /usr/local/openravenscar/sparc-ork-elf/lib/libc.a(lcltime.o)
                0x02025fb8                localtime
 .text          0x02025fd8      0x21c /usr/local/openravenscar/sparc-ork-elf/lib/libc.a(lcltime_r.o)
                0x02025fd8                localtime_r
 .text          0x020261f4       0x38 /usr/local/openravenscar/sparc-ork-elf/lib/libc.a(malloc.o)
                0x020261f4                malloc
                0x02026210                free
 .text          0x0202622c      0x774 /usr/local/openravenscar/sparc-ork-elf/lib/libc.a(mallocr.o)
                0x020263f8                _malloc_r
 .text          0x020269a0       0x80 /usr/local/openravenscar/sparc-ork-elf/lib/libc.a(memcmp.o)
                0x020269a0                memcmp
 .text          0x02026a20       0xc4 /usr/local/openravenscar/sparc-ork-elf/lib/libc.a(memcpy.o)
                0x02026a20                memcpy
 .text          0x02026ae4       0xa4 /usr/local/openravenscar/sparc-ork-elf/lib/libc.a(memset.o)
                0x02026ae4                memset
 .text          0x02026b88       0x10 /usr/local/openravenscar/sparc-ork-elf/lib/libc.a(mlock.o)
                0x02026b90                __malloc_unlock
                0x02026b88                __malloc_lock
 .text          0x02026b98       0x70 /usr/local/openravenscar/sparc-ork-elf/lib/libc.a(printf.o)
                0x02026bc8                printf
                0x02026b98                _printf_r
 .text          0x02026c08       0x20 /usr/local/openravenscar/sparc-ork-elf/lib/libc.a(realloc.o)
                0x02026c08                realloc
 .text          0x02026c28      0x50c /usr/local/openravenscar/sparc-ork-elf/lib/libc.a(reallocr.o)
                0x02026c28                _realloc_r
 .text          0x02027134       0x40 /usr/local/openravenscar/sparc-ork-elf/lib/libc.a(rget.o)
                0x02027134                __srget
 .text          0x02027174       0x34 /usr/local/openravenscar/sparc-ork-elf/lib/libc.a(sbrkr.o)
                0x02027174                _sbrk_r
 .text          0x020271a8       0x64 /usr/local/openravenscar/sparc-ork-elf/lib/libc.a(scanf.o)
                0x020271e0                _scanf_r
                0x020271a8                scanf
 .text          0x0202720c      0x24c /usr/local/openravenscar/sparc-ork-elf/lib/libc.a(signal.o)
                0x02027268                _signal_r
                0x020272c4                _raise_r
                0x02027360                __sigtramp_r
                0x02027404                signal
                0x02027424                _init_signal
                0x0202720c                _init_signal_r
                0x0202743c                __sigtramp
                0x020273e8                raise
 .text          0x02027458       0x4c /usr/local/openravenscar/sparc-ork-elf/lib/libc.a(signalr.o)
                0x02027458                _kill_r
                0x02027490                _getpid_r
 .text          0x020274a4       0xb4 /usr/local/openravenscar/sparc-ork-elf/lib/libc.a(sprintf.o)
                0x020274a4                _sprintf_r
                0x020274f8                sprintf
 .text          0x02027558       0x8c /usr/local/openravenscar/sparc-ork-elf/lib/libc.a(strcat.o)
                0x02027558                strcat
 .text          0x020275e4       0xb8 /usr/local/openravenscar/sparc-ork-elf/lib/libc.a(strcmp.o)
                0x020275e4                strcmp
 .text          0x0202769c       0x8c /usr/local/openravenscar/sparc-ork-elf/lib/libc.a(strcpy.o)
                0x0202769c                strcpy
 .text          0x02027728       0x78 /usr/local/openravenscar/sparc-ork-elf/lib/libc.a(strlen.o)
                0x02027728                strlen
 .text          0x020277a0       0xcc /usr/local/openravenscar/sparc-ork-elf/lib/libc.a(strncmp.o)
                0x020277a0                strncmp
 .text          0x0202786c       0xd4 /usr/local/openravenscar/sparc-ork-elf/lib/libc.a(strncpy.o)
                0x0202786c                strncpy
 .text          0x02027940       0x68 /usr/local/openravenscar/sparc-ork-elf/lib/libc.a(strstr.o)
                0x02027940                strstr
 .text          0x020279a8      0x1f8 /usr/local/openravenscar/sparc-ork-elf/lib/libc.a(strtol.o)
                0x02027b7c                strtol
                0x020279a8                _strtol_r
 .text          0x02027ba0     0x19c4 /usr/local/openravenscar/sparc-ork-elf/lib/libc.a(vfprintf.o)
                0x02027ca4                _vfprintf_r
                0x02027c84                vfprintf
 .text          0x02029564      0xf30 /usr/local/openravenscar/sparc-ork-elf/lib/libc.a(vfscanf.o)
                0x02029564                __svfscanf
                0x0202a3b4                __sccl
 .text          0x0202a494      0x10c /usr/local/openravenscar/sparc-ork-elf/lib/libc.a(wbuf.o)
                0x0202a494                __swbuf
 .text          0x0202a5a0      0x10c /usr/local/openravenscar/sparc-ork-elf/lib/libc.a(wsetup.o)
                0x0202a5a0                __swsetup
 .text          0x0202a6ac       0x18 /usr/local/openravenscar/sparc-ork-elf/lib/libc.a(atof.o)
                0x0202a6ac                atof
 .text          0x0202a6c4     0x1250 /usr/local/openravenscar/sparc-ork-elf/lib/libc.a(dtoa.o)
                0x0202a8b0                _dtoa_r
 .text          0x0202b914       0x10 /usr/local/openravenscar/sparc-ork-elf/lib/libc.a(envlock.o)
                0x0202b91c                __env_unlock
                0x0202b914                __env_lock
 .text          0x0202b924       0xf0 /usr/local/openravenscar/sparc-ork-elf/lib/libc.a(fflush.o)
                0x0202b924                fflush
 .text          0x0202ba14      0x228 /usr/local/openravenscar/sparc-ork-elf/lib/libc.a(findfp.o)
                0x0202bbcc                __sinit
                0x0202ba70                __sfmoreglue
                0x0202bbb4                _cleanup
                0x0202bb98                _cleanup_r
                0x0202bac8                __sfp
 .text          0x0202bc3c       0xcc /usr/local/openravenscar/sparc-ork-elf/lib/libc.a(fread.o)
                0x0202bc3c                fread
 .text          0x0202bd08      0x3c0 /usr/local/openravenscar/sparc-ork-elf/lib/libc.a(freer.o)
                0x0202bd08                _free_r
                0x0202bfa4                _malloc_trim_r
 .text          0x0202c0c8      0x380 /usr/local/openravenscar/sparc-ork-elf/lib/libc.a(fvwrite.o)
                0x0202c0c8                __sfvwrite
 .text          0x0202c448       0x60 /usr/local/openravenscar/sparc-ork-elf/lib/libc.a(fwalk.o)
                0x0202c448                _fwalk
 .text          0x0202c4a8       0xa4 /usr/local/openravenscar/sparc-ork-elf/lib/libc.a(locale.o)
                0x0202c4a8                _setlocale_r
                0x0202c508                _localeconv_r
                0x0202c514                setlocale
                0x0202c534                localeconv
 .text          0x0202c54c      0x144 /usr/local/openravenscar/sparc-ork-elf/lib/libc.a(makebuf.o)
                0x0202c54c                __smakebuf
 .text          0x0202c690       0x58 /usr/local/openravenscar/sparc-ork-elf/lib/libc.a(mbtowc_r.o)
                0x0202c690                _mbtowc_r
 .text          0x0202c6e8       0xd4 /usr/local/openravenscar/sparc-ork-elf/lib/libc.a(memchr.o)
                0x0202c6e8                memchr
 .text          0x0202c7bc      0x110 /usr/local/openravenscar/sparc-ork-elf/lib/libc.a(memmove.o)
                0x0202c7bc                memmove
 .text          0x0202c8cc      0xd14 /usr/local/openravenscar/sparc-ork-elf/lib/libc.a(mprec.o)
                0x0202d594                _mprec_log10
                0x0202cb40                _hi0bits
                0x0202c8cc                _Balloc
                0x0202d3d0                _d2b
                0x0202ccb0                _multiply
                0x0202d504                _ratio
                0x0202ca80                _s2b
                0x0202cc8c                _i2b
                0x0202cbc0                _lo0bits
                0x0202d080                __mcmp
                0x0202ce9c                _pow5mult
                0x0202d244                _ulp
                0x0202d2d0                _b2d
                0x0202c99c                _multadd
                0x0202d0e8                __mdiff
                0x0202cf84                _lshift
                0x0202c964                _Bfree
 .text          0x0202d5e0      0x19c /usr/local/openravenscar/sparc-ork-elf/lib/libc.a(refill.o)
                0x0202d5f4                __srefill
 .text          0x0202d77c       0x38 /usr/local/openravenscar/sparc-ork-elf/lib/libc.a(s_isinf.o)
                0x0202d77c                isinf
 .text          0x0202d7b4      0x104 /usr/local/openravenscar/sparc-ork-elf/lib/libc.a(stdio.o)
                0x0202d850                __sseek
                0x0202d7b4                __sread
                0x0202d8a0                __sclose
                0x0202d800                __swrite
 .text          0x0202d8b8      0xedc /usr/local/openravenscar/sparc-ork-elf/lib/libc.a(strtod.o)
                0x0202d8b8                _strtod_r
                0x0202e778                strtodf
                0x0202e758                strtod
 .text          0x0202e794      0x1d8 /usr/local/openravenscar/sparc-ork-elf/lib/libc.a(strtoul.o)
                0x0202e948                strtoul
                0x0202e794                _strtoul_r
 .text          0x0202e96c      0x228 /usr/local/openravenscar/sparc-ork-elf/lib/libc.a(ungetc.o)
                0x0202ea1c                ungetc
                0x0202e96c                __submore
 .text          0x0202eb94       0x3c /usr/local/openravenscar/sparc-ork-elf/lib/libc.a(writer.o)
                0x0202eb94                _write_r
 .text          0x0202ebd0       0xa8 /usr/local/openravenscar/sparc-ork-elf/lib/libc.a(callocr.o)
                0x0202ebd0                _calloc_r
 .text          0x0202ec78       0x34 /usr/local/openravenscar/sparc-ork-elf/lib/libc.a(closer.o)
                0x0202ec78                _close_r
 .text          0x0202ecac       0x38 /usr/local/openravenscar/sparc-ork-elf/lib/libc.a(fstatr.o)
                0x0202ecac                _fstat_r
 .text          0x0202ece4       0x3c /usr/local/openravenscar/sparc-ork-elf/lib/libc.a(lseekr.o)
                0x0202ece4                _lseek_r
 .text          0x0202ed20       0x3c /usr/local/openravenscar/sparc-ork-elf/lib/libc.a(readr.o)
                0x0202ed20                _read_r
 .text          0x0202ed5c      0x134 /usr/local/openravenscar/sparc-ork-elf/lib/libork.a(ada_exceptions.o)
                0x0202ed5c                Instruction_Access_Exception
                0x0202ee38                Division_By_Zero
                0x0202ee0c                Stack_Overflow
                0x0202ed88                Illegal_Instruction
                0x0202ee64                Integer_Overflow
                0x0202ede0                FP_Exception
                0x0202edb4                Address_Not_Aligned
 .text          0x0202ee90       0x1c /usr/local/openravenscar/sparc-ork-elf/lib/libork.a(close.o)
                0x0202ee90                close
 .text          0x0202eeac       0x30 /usr/local/openravenscar/sparc-ork-elf/lib/libork.a(execv.o)
                0x0202eeac                execv
 .text          0x0202eedc       0x28 /usr/local/openravenscar/sparc-ork-elf/lib/libork.a(fork.o)
                0x0202eedc                fork
 .text          0x0202ef04       0x30 /usr/local/openravenscar/sparc-ork-elf/lib/libork.a(fstat.o)
                0x0202ef04                fstat
 .text          0x0202ef34       0x30 /usr/local/openravenscar/sparc-ork-elf/lib/libork.a(getcwd.o)
                0x0202ef34                getcwd
 .text          0x0202ef64       0x30 /usr/local/openravenscar/sparc-ork-elf/lib/libork.a(getpid.o)
                0x0202ef64                getpid
                0x0202ef7c                getppid
 .text          0x0202ef94       0x84 /usr/local/openravenscar/sparc-ork-elf/lib/libork.a(isatty.o)
                0x0202ef94                isatty
 .text          0x0202f018       0x3c /usr/local/openravenscar/sparc-ork-elf/lib/libork.a(kill.o)
                0x0202f018                kill
 .text          0x0202f054       0x30 /usr/local/openravenscar/sparc-ork-elf/lib/libork.a(link.o)
                0x0202f054                link
 .text          0x0202f084       0x34 /usr/local/openravenscar/sparc-ork-elf/lib/libork.a(lseek.o)
                0x0202f084                lseek
 .text          0x0202f0b8       0x34 /usr/local/openravenscar/sparc-ork-elf/lib/libork.a(open.o)
                0x0202f0b8                open
 .text          0x0202f0ec      0x148 /usr/local/openravenscar/sparc-ork-elf/lib/libork.a(read.o)
                0x0202f0ec                read
 .text          0x0202f234       0x34 /usr/local/openravenscar/sparc-ork-elf/lib/libork.a(readdir.o)
                0x0202f234                readdir
 .text          0x0202f268       0x20 /usr/local/openravenscar/sparc-ork-elf/lib/libork.a(mkdir.o)
                0x0202f268                mkdir
 .text          0x0202f288       0xb0 /usr/local/openravenscar/sparc-ork-elf/lib/libork.a(sbrk.o)
                0x0202f288                sbrk
 .text          0x0202f338       0x30 /usr/local/openravenscar/sparc-ork-elf/lib/libork.a(stat.o)
                0x0202f338                stat
 .text          0x0202f368       0x2c /usr/local/openravenscar/sparc-ork-elf/lib/libork.a(unlink.o)
                0x0202f368                unlink
 .text          0x0202f394       0x2c /usr/local/openravenscar/sparc-ork-elf/lib/libork.a(wait.o)
                0x0202f394                wait
 .text          0x0202f3c0       0xec /usr/local/openravenscar/sparc-ork-elf/lib/libork.a(write.o)
                0x0202f3c0                write
 *fill*         0x0202f4ac        0x4
                0x0202f4b0                .=ALIGN(0x10)
 *(.eh_frame)
 .eh_frame      0x0202f4b0      0x11c /usr/local/openravenscar/lib/gcc-lib/sparc-ork-elf/2.8.1/adalib/libgnat.a(a-init.o)
 .eh_frame      0x0202f5cc       0x24 /usr/local/openravenscar/lib/gcc-lib/sparc-ork-elf/2.8.1/libgcc.a(__dummy.o)
 .eh_frame      0x0202f5f0       0x24 /usr/local/openravenscar/lib/gcc-lib/sparc-ork-elf/2.8.1/libgcc.a(_ashldi3.o)
 .eh_frame      0x0202f614       0x24 /usr/local/openravenscar/lib/gcc-lib/sparc-ork-elf/2.8.1/libgcc.a(_cmpdi2.o)
 .eh_frame      0x0202f638       0x2c /usr/local/openravenscar/lib/gcc-lib/sparc-ork-elf/2.8.1/libgcc.a(_divdi3.o)
 .eh_frame      0x0202f664       0x2c /usr/local/openravenscar/lib/gcc-lib/sparc-ork-elf/2.8.1/libgcc.a(_fixsfdi.o)
 .eh_frame      0x0202f690       0x2c /usr/local/openravenscar/lib/gcc-lib/sparc-ork-elf/2.8.1/libgcc.a(_fixunsdfdi.o)
 .eh_frame      0x0202f6bc       0x2c /usr/local/openravenscar/lib/gcc-lib/sparc-ork-elf/2.8.1/libgcc.a(_fixunssfdi.o)
 .eh_frame      0x0202f6e8       0x28 /usr/local/openravenscar/lib/gcc-lib/sparc-ork-elf/2.8.1/libgcc.a(_floatdidf.o)
 .eh_frame      0x0202f710       0x28 /usr/local/openravenscar/lib/gcc-lib/sparc-ork-elf/2.8.1/libgcc.a(_floatdisf.o)
 .eh_frame      0x0202f738       0x24 /usr/local/openravenscar/lib/gcc-lib/sparc-ork-elf/2.8.1/libgcc.a(_lshrdi3.o)
 .eh_frame      0x0202f75c       0x2c /usr/local/openravenscar/lib/gcc-lib/sparc-ork-elf/2.8.1/libgcc.a(_muldi3.o)
 .eh_frame      0x0202f788       0x2c /usr/local/openravenscar/lib/gcc-lib/sparc-ork-elf/2.8.1/libgcc.a(_udivdi3.o)
 .eh_frame      0x0202f7b4       0x2c /usr/local/openravenscar/lib/gcc-lib/sparc-ork-elf/2.8.1/libgcc.a(_umoddi3.o)
 .eh_frame      0x0202f7e0      0x11c /usr/local/openravenscar/lib/gcc-lib/sparc-ork-elf/2.8.1/libgcc.a(frame.o)
 *fill*         0x0202f8fc        0x4
                0x0202f900                .=ALIGN(0x10)
 *(.rodata)
 .rodata        0x0202f900       0x10 ./scenario_v1.o
 .rodata        0x0202f910      0x1b8 ./devicesfss_v1.o
 .rodata        0x0202fac8       0x4c ./workload.o
 *fill*         0x0202fb14        0x4
 .rodata        0x0202fb18       0x6c ./tools.o
 *fill*         0x0202fb84        0x4
 .rodata        0x0202fb88      0x224 ./fss.o
 .rodata        0x0202fdac        0x8 /usr/local/openravenscar/lib/gcc-lib/sparc-ork-elf/2.8.1/adalib/libgnarl.a(a-reatim.o)
 .rodata        0x0202fdb4        0x8 /usr/local/openravenscar/lib/gcc-lib/sparc-ork-elf/2.8.1/adalib/libgnarl.a(a-retide.o)
 *fill*         0x0202fdbc        0x4
 .rodata        0x0202fdc0       0x24 /usr/local/openravenscar/lib/gcc-lib/sparc-ork-elf/2.8.1/adalib/libgnarl.a(s-taprob.o)
 *fill*         0x0202fde4        0x4
 .rodata        0x0202fde8       0xd0 /usr/local/openravenscar/lib/gcc-lib/sparc-ork-elf/2.8.1/adalib/libgnarl.a(s-taprop.o)
 .rodata        0x0202feb8       0x50 /usr/local/openravenscar/lib/gcc-lib/sparc-ork-elf/2.8.1/adalib/libgnarl.a(s-tarest.o)
 .rodata        0x0202ff08      0x14a /usr/local/openravenscar/lib/gcc-lib/sparc-ork-elf/2.8.1/adalib/libgnarl.a(s-tasdeb.o)
 *fill*         0x02030052        0x2
 .rodata        0x02030054      0x300 /usr/local/openravenscar/lib/gcc-lib/sparc-ork-elf/2.8.1/adalib/libgnarl.a(s-taskin.o)
 .rodata        0x02030354        0x8 /usr/local/openravenscar/lib/gcc-lib/sparc-ork-elf/2.8.1/adalib/libgnarl.a(kernel-interrupts.o)
 .rodata        0x0203035c        0x4 /usr/local/openravenscar/lib/gcc-lib/sparc-ork-elf/2.8.1/adalib/libgnarl.a(kernel-threads-queues.o)
 .rodata        0x02030360       0x7c /usr/local/openravenscar/lib/gcc-lib/sparc-ork-elf/2.8.1/adalib/libgnarl.a(kernel-peripherals.o)
 *fill*         0x020303dc        0x4
 .rodata        0x020303e0      0x184 /usr/local/openravenscar/lib/gcc-lib/sparc-ork-elf/2.8.1/adalib/libgnat.a(a-except.o)
 *fill*         0x02030564        0x4
 .rodata        0x02030568        0xd /usr/local/openravenscar/lib/gcc-lib/sparc-ork-elf/2.8.1/adalib/libgnat.a(a-finali.o)
 *fill*         0x02030575        0x3
 .rodata        0x02030578      0x82c /usr/local/openravenscar/lib/gcc-lib/sparc-ork-elf/2.8.1/adalib/libgnat.a(a-nuelfu.o)
 *fill*         0x02030da4        0x4
 .rodata        0x02030da8       0x42 /usr/local/openravenscar/lib/gcc-lib/sparc-ork-elf/2.8.1/adalib/libgnat.a(a-tags.o)
 *fill*         0x02030dea        0x6
 .rodata        0x02030df0        0xd /usr/local/openravenscar/lib/gcc-lib/sparc-ork-elf/2.8.1/adalib/libgnat.a(g-except.o)
 *fill*         0x02030dfd        0x3
 .rodata        0x02030e00       0xab /usr/local/openravenscar/lib/gcc-lib/sparc-ork-elf/2.8.1/adalib/libgnat.a(i-c.o)
 *fill*         0x02030eab        0x5